Archive member included to satisfy reference by file (symbol)

/home/sebidev/repos/bl_iot_sdk/customer_app/my_blink/build_out/bl702/libbl702.a(start.o)
                              (bl702_start)
/home/sebidev/repos/bl_iot_sdk/customer_app/my_blink/build_out/bl702/libbl702.a(bfl_main.o)
                              /home/sebidev/repos/bl_iot_sdk/customer_app/my_blink/build_out/bl702/libbl702.a(start.o) (setup_heap)
/home/sebidev/repos/bl_iot_sdk/customer_app/my_blink/build_out/bl702/libbl702.a(debug.o)
                              /home/sebidev/repos/bl_iot_sdk/customer_app/my_blink/build_out/bl702/libbl702.a(bfl_main.o) (puts)
/home/sebidev/repos/bl_iot_sdk/customer_app/my_blink/build_out/bl702/libbl702.a(vprint.o)
                              /home/sebidev/repos/bl_iot_sdk/customer_app/my_blink/build_out/bl702/libbl702.a(debug.o) (vprint)
/home/sebidev/repos/bl_iot_sdk/customer_app/my_blink/build_out/bl702_freertos/libbl702_freertos.a(tasks.o)
                              /home/sebidev/repos/bl_iot_sdk/customer_app/my_blink/build_out/bl702/libbl702.a(bfl_main.o) (xTaskCreateStatic)
/home/sebidev/repos/bl_iot_sdk/customer_app/my_blink/build_out/bl702_freertos/libbl702_freertos.a(timers.o)
                              /home/sebidev/repos/bl_iot_sdk/customer_app/my_blink/build_out/bl702_freertos/libbl702_freertos.a(tasks.o) (xTimerCreateTimerTask)
/home/sebidev/repos/bl_iot_sdk/customer_app/my_blink/build_out/bl702_freertos/libbl702_freertos.a(port.o)
                              /home/sebidev/repos/bl_iot_sdk/customer_app/my_blink/build_out/bl702_freertos/libbl702_freertos.a(tasks.o) (xPortStartScheduler)
/home/sebidev/repos/bl_iot_sdk/customer_app/my_blink/build_out/bl702_freertos/libbl702_freertos.a(portASM.o)
                              /home/sebidev/repos/bl_iot_sdk/customer_app/my_blink/build_out/bl702_freertos/libbl702_freertos.a(port.o) (xPortStartFirstTask)
/home/sebidev/repos/bl_iot_sdk/customer_app/my_blink/build_out/bl702_freertos/libbl702_freertos.a(heap_5.o)
                              /home/sebidev/repos/bl_iot_sdk/customer_app/my_blink/build_out/bl702_freertos/libbl702_freertos.a(tasks.o) (pvPortMalloc)
/home/sebidev/repos/bl_iot_sdk/customer_app/my_blink/build_out/bl702_freertos/libbl702_freertos.a(list.o)
                              /home/sebidev/repos/bl_iot_sdk/customer_app/my_blink/build_out/bl702_freertos/libbl702_freertos.a(tasks.o) (vListInitialise)
/home/sebidev/repos/bl_iot_sdk/customer_app/my_blink/build_out/bl702_freertos/libbl702_freertos.a(queue.o)
                              /home/sebidev/repos/bl_iot_sdk/customer_app/my_blink/build_out/bl702_freertos/libbl702_freertos.a(timers.o) (xQueueGenericCreateStatic)
/home/sebidev/repos/bl_iot_sdk/customer_app/my_blink/build_out/bl702_std/libbl702_std.a(bl702_uart.o)
                              /home/sebidev/repos/bl_iot_sdk/customer_app/my_blink/build_out/bl702/libbl702.a(debug.o) (UART_SendData)
/home/sebidev/repos/bl_iot_sdk/customer_app/my_blink/build_out/bl702_std/libbl702_std.a(bl702_glb.o)
                              /home/sebidev/repos/bl_iot_sdk/customer_app/my_blink/build_out/bl702_std/libbl702_std.a(bl702_uart.o) (GLB_AHB_Slave1_Reset)
/home/sebidev/repos/bl_iot_sdk/customer_app/my_blink/build_out/bl702_std/libbl702_std.a(bl702_hbn.o)
                              /home/sebidev/repos/bl_iot_sdk/customer_app/my_blink/build_out/bl702_std/libbl702_std.a(bl702_glb.o) (HBN_Set_UART_CLK_Sel)
/home/sebidev/repos/bl_iot_sdk/customer_app/my_blink/build_out/bl702_std/libbl702_std.a(bl702_xip_sflash.o)
                              /home/sebidev/repos/bl_iot_sdk/customer_app/my_blink/build_out/bl702_std/libbl702_std.a(bl702_hbn.o) (XIP_SFlash_Read_Via_Cache_Need_Lock)
/home/sebidev/repos/bl_iot_sdk/customer_app/my_blink/build_out/bl702_std/libbl702_std.a(bl702_romapi.o)
                              /home/sebidev/repos/bl_iot_sdk/customer_app/my_blink/build_out/bl702_std/libbl702_std.a(bl702_hbn.o) (AON_Power_Off_XTAL)
/home/sebidev/repos/bl_iot_sdk/customer_app/my_blink/build_out/blog/libblog.a(blog.o)
                              /home/sebidev/repos/bl_iot_sdk/customer_app/my_blink/build_out/bl702/libbl702.a(bfl_main.o) (blog_init)
/home/sebidev/repos/bl_iot_sdk/customer_app/my_blink/build_out/cli/libcli.a(cli.o)
                              /home/sebidev/repos/bl_iot_sdk/customer_app/my_blink/build_out/bl702/libbl702.a(bfl_main.o) (aos_cli_init)
/home/sebidev/repos/bl_iot_sdk/customer_app/my_blink/build_out/hosal/libhosal.a(bl_chip.o)
                              /home/sebidev/repos/bl_iot_sdk/customer_app/my_blink/build_out/bl702/libbl702.a(bfl_main.o) (bl_chip_info)
/home/sebidev/repos/bl_iot_sdk/customer_app/my_blink/build_out/hosal/libhosal.a(bl_sys.o)
                              /home/sebidev/repos/bl_iot_sdk/customer_app/my_blink/build_out/bl702/libbl702.a(bfl_main.o) (bl_sys_em_config)
/home/sebidev/repos/bl_iot_sdk/customer_app/my_blink/build_out/hosal/libhosal.a(bl_irq.o)
[...]
Memory Configuration

Name             Origin             Length             Attributes
flash            0x0000000023000000 0x0000000000200000 axrl !w
tcm_ocram        0x0000000042011000 0x000000000001e800 axw
sys_stack        0x000000004202f800 0x0000000000000800 axw
hbnram           0x0000000040010000 0x0000000000001000 axw
*default*        0x0000000000000000 0xffffffffffffffff

Linker script and memory map

START GROUP
LOAD /home/sebidev/repos/bl_iot_sdk/customer_app/my_blink/build_out/bl702/libbl702.a
LOAD /home/sebidev/repos/bl_iot_sdk/customer_app/my_blink/build_out/bl702_freertos/libbl702_freertos.a
LOAD /home/sebidev/repos/bl_iot_sdk/components/platform/soc/bl702/bl702_rf/lib/libbl702_rf.a
LOAD /home/sebidev/repos/bl_iot_sdk/customer_app/my_blink/build_out/bl702_std/libbl702_std.a
LOAD /home/sebidev/repos/bl_iot_sdk/customer_app/my_blink/build_out/blfdt/libblfdt.a
LOAD /home/sebidev/repos/bl_iot_sdk/customer_app/my_blink/build_out/blmtd/libblmtd.a
LOAD /home/sebidev/repos/bl_iot_sdk/customer_app/my_blink/build_out/blog/libblog.a
LOAD /home/sebidev/repos/bl_iot_sdk/customer_app/my_blink/build_out/blog_testc/libblog_testc.a
LOAD /home/sebidev/repos/bl_iot_sdk/customer_app/my_blink/build_out/bloop/libbloop.a
LOAD /home/sebidev/repos/bl_iot_sdk/customer_app/my_blink/build_out/bltime/libbltime.a
LOAD /home/sebidev/repos/bl_iot_sdk/customer_app/my_blink/build_out/cli/libcli.a
LOAD /home/sebidev/repos/bl_iot_sdk/customer_app/my_blink/build_out/hosal/libhosal.a
LOAD /home/sebidev/repos/bl_iot_sdk/customer_app/my_blink/build_out/looprt/liblooprt.a
LOAD /home/sebidev/repos/bl_iot_sdk/customer_app/my_blink/build_out/loopset/libloopset.a
LOAD /home/sebidev/repos/bl_iot_sdk/customer_app/my_blink/build_out/lwip/liblwip.a
LOAD /home/sebidev/repos/bl_iot_sdk/customer_app/my_blink/build_out/mbedtls_lts/libmbedtls_lts.a
LOAD /home/sebidev/repos/bl_iot_sdk/customer_app/my_blink/build_out/myblink/libmyblink.a
LOAD /home/sebidev/repos/bl_iot_sdk/customer_app/my_blink/build_out/newlibc/libnewlibc.a
LOAD /home/sebidev/repos/bl_iot_sdk/customer_app/my_blink/build_out/romfs/libromfs.a
LOAD /home/sebidev/repos/bl_iot_sdk/customer_app/my_blink/build_out/utils/libutils.a
LOAD /home/sebidev/repos/bl_iot_sdk/customer_app/my_blink/build_out/vfs/libvfs.a
LOAD /home/sebidev/repos/bl_iot_sdk/customer_app/my_blink/build_out/yloop/libyloop.a
END GROUP
LOAD /home/sebidev/repos/bl_iot_sdk/toolchain/riscv/Linux/bin/../lib/gcc/riscv64-unknown-elf/10.2.0/../../../../riscv64-unknown-elf/lib/rv32imfc/ilp32f/libm.a
LOAD /home/sebidev/repos/bl_iot_sdk/toolchain/riscv/Linux/bin/../lib/gcc/riscv64-unknown-elf/10.2.0/rv32imfc/ilp32f/libgcc.a
START GROUP
LOAD /home/sebidev/repos/bl_iot_sdk/toolchain/riscv/Linux/bin/../lib/gcc/riscv64-unknown-elf/10.2.0/../../../../riscv64-unknown-elf/lib/rv32imfc/ilp32f/libc.a
LOAD /home/sebidev/repos/bl_iot_sdk/toolchain/riscv/Linux/bin/../lib/gcc/riscv64-unknown-elf/10.2.0/../../../../riscv64-unknown-elf/lib/rv32imfc/ilp32f/libgloss.a
END GROUP
LOAD /home/sebidev/repos/bl_iot_sdk/toolchain/riscv/Linux/bin/../lib/gcc/riscv64-unknown-elf/10.2.0/rv32imfc/ilp32f/libgcc.a
                0x0000000000000000                __EM_SIZE = DEFINED (ble_controller_init)?DEFINED (em_16k_init)?0x4000:0x2000:0x0
                0x0000000000001000                __CACHE_SIZE = DEFINED (__CACHE_SIZE)?__CACHE_SIZE:0x1000
                0x0000000000000800                __stack_size = DEFINED (__stack_size)?__stack_size:0x800
                0x0000000000000800                __stack_size = DEFINED (__stack_size)?__stack_size:0x800
                0x000000004202dc00                BOOT2_PT_ADDR = 0x4202dc00

.init           0x0000000023000000      0x130
 *(SORT_NONE(.init))
 .init          0x0000000023000000      0x130 /home/sebidev/repos/bl_iot_sdk/customer_app/my_blink/build_out/bl702/libbl702.a(start.o)
                0x0000000023000000                bl702_start

.text           0x0000000023000200    0x11c44
 *(.text.unlikely .text.unlikely.*)
 *(.text.startup .text.startup.*)
 .text.startup.main
                0x0000000023000200       0x1e /home/sebidev/repos/bl_iot_sdk/customer_app/my_blink/build_out/myblink/libmyblink.a(main.o)
                0x0000000023000200                main
 *(.text .text.*)
 .text.app_main_entry
                0x000000002300021e       0x10 /home/sebidev/repos/bl_iot_sdk/customer_app/my_blink/build_out/bl702/libbl702.a(bfl_main.o)
 .text.vApplicationStackOverflowHook
                0x000000002300022e       0x24 /home/sebidev/repos/bl_iot_sdk/customer_app/my_blink/build_out/bl702/libbl702.a(bfl_main.o)
                0x000000002300022e                vApplicationStackOverflowHook
 .text.vApplicationMallocFailedHook
                0x0000000023000252       0x18 /home/sebidev/repos/bl_iot_sdk/customer_app/my_blink/build_out/bl702/libbl702.a(bfl_main.o)
                0x0000000023000252                vApplicationMallocFailedHook
 .text.vApplicationIdleHook
                0x000000002300026a        0x6 /home/sebidev/repos/bl_iot_sdk/customer_app/my_blink/build_out/bl702/libbl702.a(bfl_main.o)
                0x000000002300026a                vApplicationIdleHook
 .text.vApplicationSleep
                0x0000000023000270        0x2 /home/sebidev/repos/bl_iot_sdk/customer_app/my_blink/build_out/bl702/libbl702.a(bfl_main.o)
                0x0000000023000270                vApplicationSleep
 .text.vApplicationTickHook
                0x0000000023000272        0x2 /home/sebidev/repos/bl_iot_sdk/customer_app/my_blink/build_out/bl702/libbl702.a(bfl_main.o)
                0x0000000023000272                vApplicationTickHook
 .text.vApplicationGetIdleTaskMemory
                0x0000000023000274       0x1c /home/sebidev/repos/bl_iot_sdk/customer_app/my_blink/build_out/bl702/libbl702.a(bfl_main.o)
                0x0000000023000274                vApplicationGetIdleTaskMemory
 .text.vApplicationGetTimerTaskMemory
                0x0000000023000290       0x1c /home/sebidev/repos/bl_iot_sdk/customer_app/my_blink/build_out/bl702/libbl702.a(bfl_main.o)
                0x0000000023000290                vApplicationGetTimerTaskMemory
 .text._cli_init
                0x00000000230002ac        0x2 /home/sebidev/repos/bl_iot_sdk/customer_app/my_blink/build_out/bl702/libbl702.a(bfl_main.o)
                0x00000000230002ac                _cli_init
 .text.aos_loop_proc
                0x00000000230002ae       0xda /home/sebidev/repos/bl_iot_sdk/customer_app/my_blink/build_out/bl702/libbl702.a(bfl_main.o)
 .text._dump_lib_info
                0x0000000023000388        0x2 /home/sebidev/repos/bl_iot_sdk/customer_app/my_blink/build_out/bl702/libbl702.a(bfl_main.o)
                0x0000000023000388                _dump_lib_info
 .text.setup_heap
                0x000000002300038a       0x18 /home/sebidev/repos/bl_iot_sdk/customer_app/my_blink/build_out/bl702/libbl702.a(bfl_main.o)
                0x000000002300038a                setup_heap
 .text.bl702_main
                0x00000000230003a2      0x1b2 /home/sebidev/repos/bl_iot_sdk/customer_app/my_blink/build_out/bl702/libbl702.a(bfl_main.o)
                0x00000000230003a2                bl702_main
 .text.cvt      0x0000000023000554      0x22c /home/sebidev/repos/bl_iot_sdk/customer_app/my_blink/build_out/bl702/libbl702.a(debug.o)
                0x0000000023000554                cvt
 .text.ecvtbuf  0x0000000023000780        0x4 /home/sebidev/repos/bl_iot_sdk/customer_app/my_blink/build_out/bl702/libbl702.a(debug.o)
                0x0000000023000780                ecvtbuf
 .text.fcvtbuf  0x0000000023000784        0x4 /home/sebidev/repos/bl_iot_sdk/customer_app/my_blink/build_out/bl702/libbl702.a(debug.o)
                0x0000000023000784                fcvtbuf
 .text.ee_bufcpy
                0x0000000023000788       0x16 /home/sebidev/repos/bl_iot_sdk/customer_app/my_blink/build_out/bl702/libbl702.a(debug.o)
                0x0000000023000788                ee_bufcpy
 .text.parse_float
                0x000000002300079e      0x202 /home/sebidev/repos/bl_iot_sdk/customer_app/my_blink/build_out/bl702/libbl702.a(debug.o)
                0x000000002300079e                parse_float
 .text.vsnprintf
                0x00000000230009a0      0x752 /home/sebidev/repos/bl_iot_sdk/customer_app/my_blink/build_out/bl702/libbl702.a(debug.o)
                0x00000000230009a0                vsnprintf
 .text.debug_print
                0x00000000230010f2       0x1a /home/sebidev/repos/bl_iot_sdk/customer_app/my_blink/build_out/bl702/libbl702.a(debug.o)
                0x00000000230010f2                debug_print
 .text.putchar  0x000000002300110c       0x18 /home/sebidev/repos/bl_iot_sdk/customer_app/my_blink/build_out/bl702/libbl702.a(debug.o)
                0x000000002300110c                putchar
 .text.bl_putchar
                0x0000000023001124        0x2 /home/sebidev/repos/bl_iot_sdk/customer_app/my_blink/build_out/bl702/libbl702.a(debug.o)
                0x0000000023001124                bl_putchar
 .text.puts     0x0000000023001126       0x22 /home/sebidev/repos/bl_iot_sdk/customer_app/my_blink/build_out/bl702/libbl702.a(debug.o)
                0x0000000023001126                puts
 .text.printf   0x0000000023001148       0x30 /home/sebidev/repos/bl_iot_sdk/customer_app/my_blink/build_out/bl702/libbl702.a(debug.o)
                0x0000000023001148                printf
 .text.sprintf  0x0000000023001178       0x22 /home/sebidev/repos/bl_iot_sdk/customer_app/my_blink/build_out/bl702/libbl702.a(debug.o)
                0x0000000023001178                sprintf
 .text.snprintf
                0x000000002300119a       0x1c /home/sebidev/repos/bl_iot_sdk/customer_app/my_blink/build_out/bl702/libbl702.a(debug.o)
                0x000000002300119a                snprintf
 .text.vsnprintf_ex
                0x00000000230011b6      0x750 /home/sebidev/repos/bl_iot_sdk/customer_app/my_blink/build_out/bl702/libbl702.a(vprint.o)
                0x00000000230011b6                vsnprintf_ex
 .text.vprint   0x0000000023001906       0x28 /home/sebidev/repos/bl_iot_sdk/customer_app/my_blink/build_out/bl702/libbl702.a(vprint.o)
                0x0000000023001906                vprint
 .text.prvAddCurrentTaskToDelayedList
                0x000000002300192e       0xa6 /home/sebidev/repos/bl_iot_sdk/customer_app/my_blink/build_out/bl702_freertos/libbl702_freertos.a(tasks.o)
 .text.vTaskSwitchContext.part.0
                0x00000000230019d4       0xa6 /home/sebidev/repos/bl_iot_sdk/customer_app/my_blink/build_out/bl702_freertos/libbl702_freertos.a(tasks.o)
 .text.prvInitialiseNewTask.constprop.0
                0x0000000023001a7a       0xca /home/sebidev/repos/bl_iot_sdk/customer_app/my_blink/build_out/bl702_freertos/libbl702_freertos.a(tasks.o)
 .text.vTaskSuspendAll
                0x0000000023001b44        0xc /home/sebidev/repos/bl_iot_sdk/customer_app/my_blink/build_out/bl702_freertos/libbl702_freertos.a(tasks.o)
                0x0000000023001b44                vTaskSuspendAll
 .text.xTaskGetTickCount
                0x0000000023001b50        0x6 /home/sebidev/repos/bl_iot_sdk/customer_app/my_blink/build_out/bl702_freertos/libbl702_freertos.a(tasks.o)
                0x0000000023001b50                xTaskGetTickCount
 .text.xTaskGetTickCount2
                0x0000000023001b56       0x10 /home/sebidev/repos/bl_iot_sdk/customer_app/my_blink/build_out/bl702_freertos/libbl702_freertos.a(tasks.o)
                0x0000000023001b56                xTaskGetTickCount2
 .text.xTaskGetTickCountFromISR
                0x0000000023001b66        0x6 /home/sebidev/repos/bl_iot_sdk/customer_app/my_blink/build_out/bl702_freertos/libbl702_freertos.a(tasks.o)
                0x0000000023001b66                xTaskGetTickCountFromISR
 .text.xTaskIncrementTick
                0x0000000023001b6c      0x170 /home/sebidev/repos/bl_iot_sdk/customer_app/my_blink/build_out/bl702_freertos/libbl702_freertos.a(tasks.o)
                0x0000000023001b6c                xTaskIncrementTick
 .text.vTaskSwitchContext
                0x0000000023001cdc       0x10 /home/sebidev/repos/bl_iot_sdk/customer_app/my_blink/build_out/bl702_freertos/libbl702_freertos.a(tasks.o)
                0x0000000023001cdc                vTaskSwitchContext
 .text.vTaskPlaceOnEventList
                0x0000000023001cec       0x30 /home/sebidev/repos/bl_iot_sdk/customer_app/my_blink/build_out/bl702_freertos/libbl702_freertos.a(tasks.o)
                0x0000000023001cec                vTaskPlaceOnEventList
 .text.vTaskPlaceOnEventListRestricted
                0x0000000023001d1c       0x3c /home/sebidev/repos/bl_iot_sdk/customer_app/my_blink/build_out/bl702_freertos/libbl702_freertos.a(tasks.o)
                0x0000000023001d1c                vTaskPlaceOnEventListRestricted
 .text.xTaskRemoveFromEventList
                0x0000000023001d58       0xa0 /home/sebidev/repos/bl_iot_sdk/customer_app/my_blink/build_out/bl702_freertos/libbl702_freertos.a(tasks.o)
                0x0000000023001d58                xTaskRemoveFromEventList
 .text.vTaskSetTimeOutState
                0x0000000023001df8       0x60 /home/sebidev/repos/bl_iot_sdk/customer_app/my_blink/build_out/bl702_freertos/libbl702_freertos.a(tasks.o)
                0x0000000023001df8                vTaskSetTimeOutState
 .text.vTaskInternalSetTimeOutState
                0x0000000023001e58        0xe /home/sebidev/repos/bl_iot_sdk/customer_app/my_blink/build_out/bl702_freertos/libbl702_freertos.a(tasks.o)
                0x0000000023001e58                vTaskInternalSetTimeOutState
 .text.vTaskMissedYield
                0x0000000023001e66        0x8 /home/sebidev/repos/bl_iot_sdk/customer_app/my_blink/build_out/bl702_freertos/libbl702_freertos.a(tasks.o)
                0x0000000023001e66                vTaskMissedYield
 .text.xTaskGetCurrentTaskHandle
                0x0000000023001e6e        0x6 /home/sebidev/repos/bl_iot_sdk/customer_app/my_blink/build_out/bl702_freertos/libbl702_freertos.a(tasks.o)
                0x0000000023001e6e                xTaskGetCurrentTaskHandle
 .text.xTaskGetSchedulerState
                0x0000000023001e74       0x14 /home/sebidev/repos/bl_iot_sdk/customer_app/my_blink/build_out/bl702_freertos/libbl702_freertos.a(tasks.o)
                0x0000000023001e74                xTaskGetSchedulerState
 .text.xTaskPriorityInherit
                0x0000000023001e88       0xd2 /home/sebidev/repos/bl_iot_sdk/customer_app/my_blink/build_out/bl702_freertos/libbl702_freertos.a(tasks.o)
                0x0000000023001e88                xTaskPriorityInherit
 .text.xTaskPriorityDisinherit
                0x0000000023001f5a       0xc8 /home/sebidev/repos/bl_iot_sdk/customer_app/my_blink/build_out/bl702_freertos/libbl702_freertos.a(tasks.o)
                0x0000000023001f5a                xTaskPriorityDisinherit
 .text.vTaskPriorityDisinheritAfterTimeout
                0x0000000023002022       0xf6 /home/sebidev/repos/bl_iot_sdk/customer_app/my_blink/build_out/bl702_freertos/libbl702_freertos.a(tasks.o)
                0x0000000023002022                vTaskPriorityDisinheritAfterTimeout
 .text.vTaskEnterCritical
                0x0000000023002118       0x1a /home/sebidev/repos/bl_iot_sdk/customer_app/my_blink/build_out/bl702_freertos/libbl702_freertos.a(tasks.o)
                0x0000000023002118                vTaskEnterCritical
 .text.vTaskExitCritical
                0x0000000023002132       0x24 /home/sebidev/repos/bl_iot_sdk/customer_app/my_blink/build_out/bl702_freertos/libbl702_freertos.a(tasks.o)
                0x0000000023002132                vTaskExitCritical
 .text.prvAddNewTaskToReadyList
                0x0000000023002156      0x134 /home/sebidev/repos/bl_iot_sdk/customer_app/my_blink/build_out/bl702_freertos/libbl702_freertos.a(tasks.o)
 .text.xTaskCreateStatic
                0x000000002300228a       0x9a /home/sebidev/repos/bl_iot_sdk/customer_app/my_blink/build_out/bl702_freertos/libbl702_freertos.a(tasks.o)
                0x000000002300228a                xTaskCreateStatic
 .text.vTaskStartScheduler
                0x0000000023002324       0x6e /home/sebidev/repos/bl_iot_sdk/customer_app/my_blink/build_out/bl702_freertos/libbl702_freertos.a(tasks.o)
                0x0000000023002324                vTaskStartScheduler
 .text.xTaskCreate
                0x0000000023002392       0x7c /home/sebidev/repos/bl_iot_sdk/customer_app/my_blink/build_out/bl702_freertos/libbl702_freertos.a(tasks.o)
                0x0000000023002392                xTaskCreate
 .text.vTaskDelete
                0x000000002300240e      0x138 /home/sebidev/repos/bl_iot_sdk/customer_app/my_blink/build_out/bl702_freertos/libbl702_freertos.a(tasks.o)
                0x000000002300240e                vTaskDelete
 .text.eTaskGetState
                0x0000000023002546       0xa4 /home/sebidev/repos/bl_iot_sdk/customer_app/my_blink/build_out/bl702_freertos/libbl702_freertos.a(tasks.o)
                0x0000000023002546                eTaskGetState
 .text.xTaskResumeAll
                0x00000000230025ea      0x122 /home/sebidev/repos/bl_iot_sdk/customer_app/my_blink/build_out/bl702_freertos/libbl702_freertos.a(tasks.o)
                0x00000000230025ea                xTaskResumeAll
 .text.vTaskDelay
                0x000000002300270c       0x4c /home/sebidev/repos/bl_iot_sdk/customer_app/my_blink/build_out/bl702_freertos/libbl702_freertos.a(tasks.o)
                0x000000002300270c                vTaskDelay
 .text.prvIdleTask
                0x0000000023002758      0x168 /home/sebidev/repos/bl_iot_sdk/customer_app/my_blink/build_out/bl702_freertos/libbl702_freertos.a(tasks.o)
 .text.vTaskGetInfo
                0x00000000230028c0       0xcc /home/sebidev/repos/bl_iot_sdk/customer_app/my_blink/build_out/bl702_freertos/libbl702_freertos.a(tasks.o)
                0x00000000230028c0                vTaskGetInfo
 .text.prvListTasksWithinSingleList.part.0
                0x000000002300298c       0x8a /home/sebidev/repos/bl_iot_sdk/customer_app/my_blink/build_out/bl702_freertos/libbl702_freertos.a(tasks.o)
 .text.uxTaskGetSystemState
                0x0000000023002a16       0xf2 /home/sebidev/repos/bl_iot_sdk/customer_app/my_blink/build_out/bl702_freertos/libbl702_freertos.a(tasks.o)
                0x0000000023002a16                uxTaskGetSystemState
 .text.xTaskCheckForTimeOut
                0x0000000023002b08       0x92 /home/sebidev/repos/bl_iot_sdk/customer_app/my_blink/build_out/bl702_freertos/libbl702_freertos.a(tasks.o)
                0x0000000023002b08                xTaskCheckForTimeOut
 .text.vTaskList
                0x0000000023002b9a       0xfe /home/sebidev/repos/bl_iot_sdk/customer_app/my_blink/build_out/bl702_freertos/libbl702_freertos.a(tasks.o)
                0x0000000023002b9a                vTaskList
 .text.pvTaskIncrementMutexHeldCount
                0x0000000023002c98       0x14 /home/sebidev/repos/bl_iot_sdk/customer_app/my_blink/build_out/bl702_freertos/libbl702_freertos.a(tasks.o)
                0x0000000023002c98                pvTaskIncrementMutexHeldCount
 .text.xTaskNotifyWait
                0x0000000023002cac       0xc0 /home/sebidev/repos/bl_iot_sdk/customer_app/my_blink/build_out/bl702_freertos/libbl702_freertos.a(tasks.o)
                0x0000000023002cac                xTaskNotifyWait
 .text.xTaskGenericNotify
                0x0000000023002d6c      0x126 /home/sebidev/repos/bl_iot_sdk/customer_app/my_blink/build_out/bl702_freertos/libbl702_freertos.a(tasks.o)
                0x0000000023002d6c                xTaskGenericNotify
 .text.xTaskGenericNotifyFromISR
                0x0000000023002e92      0x10a /home/sebidev/repos/bl_iot_sdk/customer_app/my_blink/build_out/bl702_freertos/libbl702_freertos.a(tasks.o)
                0x0000000023002e92                xTaskGenericNotifyFromISR
 .text.xTaskNotifyStateClear
                0x0000000023002f9c       0x5c /home/sebidev/repos/bl_iot_sdk/customer_app/my_blink/build_out/bl702_freertos/libbl702_freertos.a(tasks.o)
                0x0000000023002f9c                xTaskNotifyStateClear
 .text.prvCheckForValidListAndQueue
                0x0000000023002ff8       0x68 /home/sebidev/repos/bl_iot_sdk/customer_app/my_blink/build_out/bl702_freertos/libbl702_freertos.a(timers.o)
 .text.xTimerCreateTimerTask
                0x0000000023003060       0x56 /home/sebidev/repos/bl_iot_sdk/customer_app/my_blink/build_out/bl702_freertos/libbl702_freertos.a(timers.o)
                0x0000000023003060                xTimerCreateTimerTask
 .text.xTimerGenericCommand
                0x00000000230030b6       0x98 /home/sebidev/repos/bl_iot_sdk/customer_app/my_blink/build_out/bl702_freertos/libbl702_freertos.a(timers.o)
                0x00000000230030b6                xTimerGenericCommand
 .text.prvSwitchTimerLists
                0x000000002300314e       0x84 /home/sebidev/repos/bl_iot_sdk/customer_app/my_blink/build_out/bl702_freertos/libbl702_freertos.a(timers.o)
 .text.prvTimerTask
                0x00000000230031d2      0x260 /home/sebidev/repos/bl_iot_sdk/customer_app/my_blink/build_out/bl702_freertos/libbl702_freertos.a(timers.o)
 .text.vPortSetupTimerInterrupt
                0x0000000023003432       0x46 /home/sebidev/repos/bl_iot_sdk/customer_app/my_blink/build_out/bl702_freertos/libbl702_freertos.a(port.o)
                0x0000000023003432                vPortSetupTimerInterrupt
 .text.xPortStartScheduler
                0x0000000023003478       0x42 /home/sebidev/repos/bl_iot_sdk/customer_app/my_blink/build_out/bl702_freertos/libbl702_freertos.a(port.o)
                0x0000000023003478                xPortStartScheduler
 *fill*         0x00000000230034ba       0x46 
 .text          0x0000000023003500      0x5e8 /home/sebidev/repos/bl_iot_sdk/customer_app/my_blink/build_out/bl702_freertos/libbl702_freertos.a(portASM.o)
                0x0000000023003500                freertos_risc_v_trap_handler
                0x0000000023003800                xPortStartFirstTask
                0x0000000023003900                pxPortInitialiseStack
                0x0000000023003a00                vEnvironmentCall
 .text.prvInsertBlockIntoFreeList
                0x0000000023003ae8       0x48 /home/sebidev/repos/bl_iot_sdk/customer_app/my_blink/build_out/bl702_freertos/libbl702_freertos.a(heap_5.o)
 .text.pvPortMalloc
                0x0000000023003b30      0x106 /home/sebidev/repos/bl_iot_sdk/customer_app/my_blink/build_out/bl702_freertos/libbl702_freertos.a(heap_5.o)
                0x0000000023003b30                pvPortMalloc
 .text.pvPortCalloc
                0x0000000023003c36       0x2a /home/sebidev/repos/bl_iot_sdk/customer_app/my_blink/build_out/bl702_freertos/libbl702_freertos.a(heap_5.o)
                0x0000000023003c36                pvPortCalloc
 .text.vPortFree
                0x0000000023003c60       0x9c /home/sebidev/repos/bl_iot_sdk/customer_app/my_blink/build_out/bl702_freertos/libbl702_freertos.a(heap_5.o)
                0x0000000023003c60                vPortFree
 .text.xPortGetFreeHeapSize
                0x0000000023003cfc        0x6 /home/sebidev/repos/bl_iot_sdk/customer_app/my_blink/build_out/bl702_freertos/libbl702_freertos.a(heap_5.o)
                0x0000000023003cfc                xPortGetFreeHeapSize
 .text.vPortDefineHeapRegions
                0x0000000023003d02       0xee /home/sebidev/repos/bl_iot_sdk/customer_app/my_blink/build_out/bl702_freertos/libbl702_freertos.a(heap_5.o)
                0x0000000023003d02                vPortDefineHeapRegions
 .text.vListInitialise
                0x0000000023003df0       0x14 /home/sebidev/repos/bl_iot_sdk/customer_app/my_blink/build_out/bl702_freertos/libbl702_freertos.a(list.o)
                0x0000000023003df0                vListInitialise
 .text.vListInitialiseItem
                0x0000000023003e04        0x6 /home/sebidev/repos/bl_iot_sdk/customer_app/my_blink/build_out/bl702_freertos/libbl702_freertos.a(list.o)
                0x0000000023003e04                vListInitialiseItem
 .text.vListInsertEnd
                0x0000000023003e0a       0x16 /home/sebidev/repos/bl_iot_sdk/customer_app/my_blink/build_out/bl702_freertos/libbl702_freertos.a(list.o)
                0x0000000023003e0a                vListInsertEnd
 .text.vListInsert
                0x0000000023003e20       0x2e /home/sebidev/repos/bl_iot_sdk/customer_app/my_blink/build_out/bl702_freertos/libbl702_freertos.a(list.o)
                0x0000000023003e20                vListInsert
 .text.uxListRemove
                0x0000000023003e4e       0x32 /home/sebidev/repos/bl_iot_sdk/customer_app/my_blink/build_out/bl702_freertos/libbl702_freertos.a(list.o)
                0x0000000023003e4e                uxListRemove
 .text.prvCopyDataToQueue
                0x0000000023003e80       0xa8 /home/sebidev/repos/bl_iot_sdk/customer_app/my_blink/build_out/bl702_freertos/libbl702_freertos.a(queue.o)
 .text.prvUnlockQueue
                0x0000000023003f28       0xba /home/sebidev/repos/bl_iot_sdk/customer_app/my_blink/build_out/bl702_freertos/libbl702_freertos.a(queue.o)
 .text.xQueueGenericReset
                0x0000000023003fe2       0x88 /home/sebidev/repos/bl_iot_sdk/customer_app/my_blink/build_out/bl702_freertos/libbl702_freertos.a(queue.o)
                0x0000000023003fe2                xQueueGenericReset
 .text.xQueueGenericCreateStatic
                0x000000002300406a       0x88 /home/sebidev/repos/bl_iot_sdk/customer_app/my_blink/build_out/bl702_freertos/libbl702_freertos.a(queue.o)
                0x000000002300406a                xQueueGenericCreateStatic
 .text.xQueueCreateCountingSemaphore
                0x00000000230040f2       0x6a /home/sebidev/repos/bl_iot_sdk/customer_app/my_blink/build_out/bl702_freertos/libbl702_freertos.a(queue.o)
                0x00000000230040f2                xQueueCreateCountingSemaphore
 .text.xQueueGenericSend
                0x000000002300415c      0x164 /home/sebidev/repos/bl_iot_sdk/customer_app/my_blink/build_out/bl702_freertos/libbl702_freertos.a(queue.o)
                0x000000002300415c                xQueueGenericSend
 .text.xQueueCreateMutexStatic
                0x00000000230042c0       0x88 /home/sebidev/repos/bl_iot_sdk/customer_app/my_blink/build_out/bl702_freertos/libbl702_freertos.a(queue.o)
                0x00000000230042c0                xQueueCreateMutexStatic
 .text.xQueueCreateMutex
                0x0000000023004348       0x52 /home/sebidev/repos/bl_iot_sdk/customer_app/my_blink/build_out/bl702_freertos/libbl702_freertos.a(queue.o)
                0x0000000023004348                xQueueCreateMutex
 .text.xQueueGenericSendFromISR
                0x000000002300439a       0xc6 /home/sebidev/repos/bl_iot_sdk/customer_app/my_blink/build_out/bl702_freertos/libbl702_freertos.a(queue.o)
                0x000000002300439a                xQueueGenericSendFromISR
 .text.xQueueGiveFromISR
                0x0000000023004460       0x80 /home/sebidev/repos/bl_iot_sdk/customer_app/my_blink/build_out/bl702_freertos/libbl702_freertos.a(queue.o)
                0x0000000023004460                xQueueGiveFromISR
 .text.xQueueReceive
                0x00000000230044e0      0x15e /home/sebidev/repos/bl_iot_sdk/customer_app/my_blink/build_out/bl702_freertos/libbl702_freertos.a(queue.o)
                0x00000000230044e0                xQueueReceive
 .text.xQueueSemaphoreTake
                0x000000002300463e      0x192 /home/sebidev/repos/bl_iot_sdk/customer_app/my_blink/build_out/bl702_freertos/libbl702_freertos.a(queue.o)
                0x000000002300463e                xQueueSemaphoreTake
 .text.vQueueDelete
                0x00000000230047d0       0x54 /home/sebidev/repos/bl_iot_sdk/customer_app/my_blink/build_out/bl702_freertos/libbl702_freertos.a(queue.o)
                0x00000000230047d0                vQueueDelete
 .text.vQueueAddToRegistry
                0x0000000023004824       0x24 /home/sebidev/repos/bl_iot_sdk/customer_app/my_blink/build_out/bl702_freertos/libbl702_freertos.a(queue.o)
                0x0000000023004824                vQueueAddToRegistry
 .text.vQueueWaitForMessageRestricted
                0x0000000023004848       0x6c /home/sebidev/repos/bl_iot_sdk/customer_app/my_blink/build_out/bl702_freertos/libbl702_freertos.a(queue.o)
                0x0000000023004848                vQueueWaitForMessageRestricted
 .text.UART_Init
                0x00000000230048b4      0x108 /home/sebidev/repos/bl_iot_sdk/customer_app/my_blink/build_out/bl702_std/libbl702_std.a(bl702_uart.o)
                0x00000000230048b4                UART_Init
 .text.UART_DeInit
                0x00000000230049bc       0x1c /home/sebidev/repos/bl_iot_sdk/customer_app/my_blink/build_out/bl702_std/libbl702_std.a(bl702_uart.o)
                0x00000000230049bc                UART_DeInit
 .text.UART_FifoConfig
                0x00000000230049d8       0x68 /home/sebidev/repos/bl_iot_sdk/customer_app/my_blink/build_out/bl702_std/libbl702_std.a(bl702_uart.o)
                0x00000000230049d8                UART_FifoConfig
 .text.UART_Enable
                0x0000000023004a40       0x36 /home/sebidev/repos/bl_iot_sdk/customer_app/my_blink/build_out/bl702_std/libbl702_std.a(bl702_uart.o)
                0x0000000023004a40                UART_Enable
 .text.UART_Disable
                0x0000000023004a76       0x32 /home/sebidev/repos/bl_iot_sdk/customer_app/my_blink/build_out/bl702_std/libbl702_std.a(bl702_uart.o)
                0x0000000023004a76                UART_Disable
 .text.UART_SetRxTimeoutValue
                0x0000000023004aa8       0x20 /home/sebidev/repos/bl_iot_sdk/customer_app/my_blink/build_out/bl702_std/libbl702_std.a(bl702_uart.o)
                0x0000000023004aa8                UART_SetRxTimeoutValue
 .text.UART_TxFreeRun
                0x0000000023004ac8       0x26 /home/sebidev/repos/bl_iot_sdk/customer_app/my_blink/build_out/bl702_std/libbl702_std.a(bl702_uart.o)
                0x0000000023004ac8                UART_TxFreeRun
 .text.UART_IntMask
                0x0000000023004aee       0x40 /home/sebidev/repos/bl_iot_sdk/customer_app/my_blink/build_out/bl702_std/libbl702_std.a(bl702_uart.o)
                0x0000000023004aee                UART_IntMask
 .text.UART_GetTxFifoCount
                0x0000000023004b2e       0x1a /home/sebidev/repos/bl_iot_sdk/customer_app/my_blink/build_out/bl702_std/libbl702_std.a(bl702_uart.o)
                0x0000000023004b2e                UART_GetTxFifoCount
 .text.UART_SendData
                0x0000000023004b48       0x76 /home/sebidev/repos/bl_iot_sdk/customer_app/my_blink/build_out/bl702_std/libbl702_std.a(bl702_uart.o)
                0x0000000023004b48                UART_SendData
 .text.UART_GetRxFifoCount
                0x0000000023004bbe       0x1c /home/sebidev/repos/bl_iot_sdk/customer_app/my_blink/build_out/bl702_std/libbl702_std.a(bl702_uart.o)
                0x0000000023004bbe                UART_GetRxFifoCount
 .text.UART_GetTxBusBusyStatus
                0x0000000023004bda       0x16 /home/sebidev/repos/bl_iot_sdk/customer_app/my_blink/build_out/bl702_std/libbl702_std.a(bl702_uart.o)
                0x0000000023004bda                UART_GetTxBusBusyStatus
 .text.UART_GetRxBusBusyStatus
                0x0000000023004bf0       0x18 /home/sebidev/repos/bl_iot_sdk/customer_app/my_blink/build_out/bl702_std/libbl702_std.a(bl702_uart.o)
                0x0000000023004bf0                UART_GetRxBusBusyStatus
 .text.GLB_Set_USB_CLK
                0x0000000023004c08       0x22 /home/sebidev/repos/bl_iot_sdk/customer_app/my_blink/build_out/bl702_std/libbl702_std.a(bl702_glb.o)
                0x0000000023004c08                GLB_Set_USB_CLK
 .text.GLB_Set_UART_CLK
                0x0000000023004c2a       0x3e /home/sebidev/repos/bl_iot_sdk/customer_app/my_blink/build_out/bl702_std/libbl702_std.a(bl702_glb.o)
                0x0000000023004c2a                GLB_Set_UART_CLK
 .text.GLB_AHB_Slave1_Reset
                0x0000000023004c68       0x34 /home/sebidev/repos/bl_iot_sdk/customer_app/my_blink/build_out/bl702_std/libbl702_std.a(bl702_glb.o)
                0x0000000023004c68                GLB_AHB_Slave1_Reset
 .text.GLB_AHB_Slave1_Clock_Gate
                0x0000000023004c9c       0x8c /home/sebidev/repos/bl_iot_sdk/customer_app/my_blink/build_out/bl702_std/libbl702_std.a(bl702_glb.o)
                0x0000000023004c9c                GLB_AHB_Slave1_Clock_Gate
 .text.GLB_Set_EM_Sel
                0x0000000023004d28       0x10 /home/sebidev/repos/bl_iot_sdk/customer_app/my_blink/build_out/bl702_std/libbl702_std.a(bl702_glb.o)
                0x0000000023004d28                GLB_Set_EM_Sel
 .text.GLB_Set_MTimer_CLK
                0x0000000023004d38       0x44 /home/sebidev/repos/bl_iot_sdk/customer_app/my_blink/build_out/bl702_std/libbl702_std.a(bl702_glb.o)
                0x0000000023004d38                GLB_Set_MTimer_CLK
 .text.GLB_UART_Fun_Sel
                0x0000000023004d7c       0x24 /home/sebidev/repos/bl_iot_sdk/customer_app/my_blink/build_out/bl702_std/libbl702_std.a(bl702_glb.o)
                0x0000000023004d7c                GLB_UART_Fun_Sel
 .text.GLB_GPIO_Write
                0x0000000023004da0       0x2a /home/sebidev/repos/bl_iot_sdk/customer_app/my_blink/build_out/bl702_std/libbl702_std.a(bl702_glb.o)
                0x0000000023004da0                GLB_GPIO_Write
 .text.HBN_Set_UART_CLK_Sel
                0x0000000023004dca       0x12 /home/sebidev/repos/bl_iot_sdk/customer_app/my_blink/build_out/bl702_std/libbl702_std.a(bl702_hbn.o)
                0x0000000023004dca                HBN_Set_UART_CLK_Sel
 .text.HBN_Set_XCLK_CLK_Sel
                0x0000000023004ddc       0x3c /home/sebidev/repos/bl_iot_sdk/customer_app/my_blink/build_out/bl702_std/libbl702_std.a(bl702_hbn.o)
                0x0000000023004ddc                HBN_Set_XCLK_CLK_Sel
 .text.HBN_Aon_Pad_IeSmt_Cfg
                0x0000000023004e18       0x18 /home/sebidev/repos/bl_iot_sdk/customer_app/my_blink/build_out/bl702_std/libbl702_std.a(bl702_hbn.o)
                0x0000000023004e18                HBN_Aon_Pad_IeSmt_Cfg
 .text.HBN_Clear_Reset_Event
                0x0000000023004e30       0x20 /home/sebidev/repos/bl_iot_sdk/customer_app/my_blink/build_out/bl702_std/libbl702_std.a(bl702_hbn.o)
                0x0000000023004e30                HBN_Clear_Reset_Event
 .text.cmd_blog_info_dump
                0x0000000023004e50      0x16e /home/sebidev/repos/bl_iot_sdk/customer_app/my_blink/build_out/blog/libblog.a(blog.o)
                0x0000000023004e50                cmd_blog_info_dump
 .text.cmd_blog_set_level
                0x0000000023004fbe      0x1ba /home/sebidev/repos/bl_iot_sdk/customer_app/my_blink/build_out/blog/libblog.a(blog.o)
                0x0000000023004fbe                cmd_blog_set_level
 .text.blog_init
                0x0000000023005178       0x7c /home/sebidev/repos/bl_iot_sdk/customer_app/my_blink/build_out/blog/libblog.a(blog.o)
                0x0000000023005178                blog_init
 .text.cli_command_get
                0x00000000230051f4       0x3a /home/sebidev/repos/bl_iot_sdk/customer_app/my_blink/build_out/cli/libcli.a(cli.o)
 .text.exit_cmd
                0x000000002300522e        0x8 /home/sebidev/repos/bl_iot_sdk/customer_app/my_blink/build_out/cli/libcli.a(cli.o)
 .text.cb_idnoe
                0x0000000023005236       0x98 /home/sebidev/repos/bl_iot_sdk/customer_app/my_blink/build_out/cli/libcli.a(cli.o)
 .text.cat_cmd  0x00000000230052ce       0x80 /home/sebidev/repos/bl_iot_sdk/customer_app/my_blink/build_out/cli/libcli.a(cli.o)
 .text.hexdump_cmd
                0x000000002300534e       0x7e /home/sebidev/repos/bl_iot_sdk/customer_app/my_blink/build_out/cli/libcli.a(cli.o)
 .text.ota_cmd  0x00000000230053cc       0x18 /home/sebidev/repos/bl_iot_sdk/customer_app/my_blink/build_out/cli/libcli.a(cli.o)
 .text.tftp_ota_thread
                0x00000000230053e4        0x6 /home/sebidev/repos/bl_iot_sdk/customer_app/my_blink/build_out/cli/libcli.a(cli.o)
                0x00000000230053e4                tftp_ota_thread
 .text.fhost_cmd_tab_complete
                0x00000000230053ea        0x4 /home/sebidev/repos/bl_iot_sdk/customer_app/my_blink/build_out/cli/libcli.a(cli.o)
                0x00000000230053ea                fhost_cmd_tab_complete
 .text.fhost_ipc_help
                0x00000000230053ee        0x4 /home/sebidev/repos/bl_iot_sdk/customer_app/my_blink/build_out/cli/libcli.a(cli.o)
                0x00000000230053ee                fhost_ipc_help
 .text._extra_command
                0x00000000230053f2        0x4 /home/sebidev/repos/bl_iot_sdk/customer_app/my_blink/build_out/cli/libcli.a(cli.o)
                0x00000000230053f2                _extra_command
 .text.aos_cli_init
                0x00000000230053f6       0x5e /home/sebidev/repos/bl_iot_sdk/customer_app/my_blink/build_out/cli/libcli.a(cli.o)
                0x00000000230053f6                aos_cli_init
 .text.aos_cli_event_cb_read_get
                0x0000000023005454        0xa /home/sebidev/repos/bl_iot_sdk/customer_app/my_blink/build_out/cli/libcli.a(cli.o)
                0x0000000023005454                aos_cli_event_cb_read_get
 .text.cli_putstr
                0x000000002300545e       0x42 /home/sebidev/repos/bl_iot_sdk/customer_app/my_blink/build_out/cli/libcli.a(cli.o)
                0x000000002300545e                cli_putstr
 .text.ps_cmd   0x00000000230054a0       0xa0 /home/sebidev/repos/bl_iot_sdk/customer_app/my_blink/build_out/cli/libcli.a(cli.o)
 .text.aos_cli_printf
                0x0000000023005540       0x86 /home/sebidev/repos/bl_iot_sdk/customer_app/my_blink/build_out/cli/libcli.a(cli.o)
                0x0000000023005540                aos_cli_printf
 .text.proc_onecmd
                0x00000000230055c6      0x10e /home/sebidev/repos/bl_iot_sdk/customer_app/my_blink/build_out/cli/libcli.a(cli.o)
                0x00000000230055c6                proc_onecmd
 .text.ls_cmd   0x00000000230056d4      0x230 /home/sebidev/repos/bl_iot_sdk/customer_app/my_blink/build_out/cli/libcli.a(cli.o)
 .text.uptime_cmd
                0x0000000023005904       0xc4 /home/sebidev/repos/bl_iot_sdk/customer_app/my_blink/build_out/cli/libcli.a(cli.o)
 .text.reset_cmd
                0x00000000230059c8       0x18 /home/sebidev/repos/bl_iot_sdk/customer_app/my_blink/build_out/cli/libcli.a(cli.o)
 .text.poweroff_cmd
                0x00000000230059e0       0x18 /home/sebidev/repos/bl_iot_sdk/customer_app/my_blink/build_out/cli/libcli.a(cli.o)
 .text.reboot_cmd
                0x00000000230059f8       0x18 /home/sebidev/repos/bl_iot_sdk/customer_app/my_blink/build_out/cli/libcli.a(cli.o)
 .text.version_cmd
                0x0000000023005a10       0xa8 /home/sebidev/repos/bl_iot_sdk/customer_app/my_blink/build_out/cli/libcli.a(cli.o)
 .text.devname_cmd
                0x0000000023005ab8       0x14 /home/sebidev/repos/bl_iot_sdk/customer_app/my_blink/build_out/cli/libcli.a(cli.o)
 .text.echo_cmd
                0x0000000023005acc       0x90 /home/sebidev/repos/bl_iot_sdk/customer_app/my_blink/build_out/cli/libcli.a(cli.o)
 .text.mmem_cmd
                0x0000000023005b5c       0xc4 /home/sebidev/repos/bl_iot_sdk/customer_app/my_blink/build_out/cli/libcli.a(cli.o)
 .text.pmem_cmd
                0x0000000023005c20      0x178 /home/sebidev/repos/bl_iot_sdk/customer_app/my_blink/build_out/cli/libcli.a(cli.o)
 .text.help_cmd
                0x0000000023005d98       0xe2 /home/sebidev/repos/bl_iot_sdk/customer_app/my_blink/build_out/cli/libcli.a(cli.o)
 .text.cli_getchar
                0x0000000023005e7a       0x20 /home/sebidev/repos/bl_iot_sdk/customer_app/my_blink/build_out/cli/libcli.a(cli.o)
                0x0000000023005e7a                cli_getchar
 .text.cli_main_input
                0x0000000023005e9a      0x820 /home/sebidev/repos/bl_iot_sdk/customer_app/my_blink/build_out/cli/libcli.a(cli.o)
 .text.console_cb_read
                0x00000000230066ba       0x40 /home/sebidev/repos/bl_iot_sdk/customer_app/my_blink/build_out/cli/libcli.a(cli.o)
 .text.bl_chip_info
                0x00000000230066fa       0xaa /home/sebidev/repos/bl_iot_sdk/customer_app/my_blink/build_out/hosal/libhosal.a(bl_chip.o)
                0x00000000230066fa                bl_chip_info
 .text.bl_chip_memory_ram
                0x00000000230067a4       0xbe /home/sebidev/repos/bl_iot_sdk/customer_app/my_blink/build_out/hosal/libhosal.a(bl_chip.o)
                0x00000000230067a4                bl_chip_memory_ram
 .text.bl_sys_rstinfo_get
                0x0000000023006862       0x46 /home/sebidev/repos/bl_iot_sdk/customer_app/my_blink/build_out/hosal/libhosal.a(bl_sys.o)
                0x0000000023006862                bl_sys_rstinfo_get
 .text.bl_sys_rstinfo_clr
                0x00000000230068a8       0x14 /home/sebidev/repos/bl_iot_sdk/customer_app/my_blink/build_out/hosal/libhosal.a(bl_sys.o)
                0x00000000230068a8                bl_sys_rstinfo_clr
 .text.bl_sys_reset_por
                0x00000000230068bc       0x12 /home/sebidev/repos/bl_iot_sdk/customer_app/my_blink/build_out/hosal/libhosal.a(bl_sys.o)
                0x00000000230068bc                bl_sys_reset_por
 .text.bl_sys_reset_system
                0x00000000230068ce       0x12 /home/sebidev/repos/bl_iot_sdk/customer_app/my_blink/build_out/hosal/libhosal.a(bl_sys.o)
                0x00000000230068ce                bl_sys_reset_system
 .text.bl_sys_em_config
                0x00000000230068e0       0x30 /home/sebidev/repos/bl_iot_sdk/customer_app/my_blink/build_out/hosal/libhosal.a(bl_sys.o)
                0x00000000230068e0                bl_sys_em_config
 .text.bl_sys_cache_config
                0x0000000023006910       0x72 /home/sebidev/repos/bl_iot_sdk/customer_app/my_blink/build_out/hosal/libhosal.a(bl_sys.o)
                0x0000000023006910                bl_sys_cache_config
 .text.bl_sys_pkg_config
                0x0000000023006982       0x5e /home/sebidev/repos/bl_iot_sdk/customer_app/my_blink/build_out/hosal/libhosal.a(bl_sys.o)
                0x0000000023006982                bl_sys_pkg_config
 .text.bl_sys_default_active_config
                0x00000000230069e0       0xc0 /home/sebidev/repos/bl_iot_sdk/customer_app/my_blink/build_out/hosal/libhosal.a(bl_sys.o)
                0x00000000230069e0                bl_sys_default_active_config
 .text.bl_sys_early_init
                0x0000000023006aa0      0x114 /home/sebidev/repos/bl_iot_sdk/customer_app/my_blink/build_out/hosal/libhosal.a(bl_sys.o)
                0x0000000023006aa0                bl_sys_early_init
 .text.bl_sys_wdt_rst_count_get
                0x0000000023006bb4        0xa /home/sebidev/repos/bl_iot_sdk/customer_app/my_blink/build_out/hosal/libhosal.a(bl_sys.o)
                0x0000000023006bb4                bl_sys_wdt_rst_count_get
 .text._irq_num_check
                0x0000000023006bbe       0x60 /home/sebidev/repos/bl_iot_sdk/customer_app/my_blink/build_out/hosal/libhosal.a(bl_irq.o)
 .text.bl_irq_enable
                0x0000000023006c1e       0x12 /home/sebidev/repos/bl_iot_sdk/customer_app/my_blink/build_out/hosal/libhosal.a(bl_irq.o)
                0x0000000023006c1e                bl_irq_enable
 .text.bl_irq_disable
                0x0000000023006c30       0x10 /home/sebidev/repos/bl_iot_sdk/customer_app/my_blink/build_out/hosal/libhosal.a(bl_irq.o)
                0x0000000023006c30                bl_irq_disable
 .text.bl_irq_register_with_ctx
                0x0000000023006c40      0x110 /home/sebidev/repos/bl_iot_sdk/customer_app/my_blink/build_out/hosal/libhosal.a(bl_irq.o)
                0x0000000023006c40                bl_irq_register_with_ctx
 .text.bl_irq_register
                0x0000000023006d50        0x6 /home/sebidev/repos/bl_iot_sdk/customer_app/my_blink/build_out/hosal/libhosal.a(bl_irq.o)
                0x0000000023006d50                bl_irq_register
 .text.bl_irq_unregister
                0x0000000023006d56       0x24 /home/sebidev/repos/bl_iot_sdk/customer_app/my_blink/build_out/hosal/libhosal.a(bl_irq.o)
                0x0000000023006d56                bl_irq_unregister
 .text.interrupt_entry
                0x0000000023006d7a       0x6a /home/sebidev/repos/bl_iot_sdk/customer_app/my_blink/build_out/hosal/libhosal.a(bl_irq.o)
                0x0000000023006d7a                interrupt_entry
 .text.exception_entry
                0x0000000023006de4      0x21e /home/sebidev/repos/bl_iot_sdk/customer_app/my_blink/build_out/hosal/libhosal.a(bl_irq.o)
                0x0000000023006de4                exception_entry
 .text.bl_irq_init
                0x0000000023007002       0x3e /home/sebidev/repos/bl_iot_sdk/customer_app/my_blink/build_out/hosal/libhosal.a(bl_irq.o)
                0x0000000023007002                bl_irq_init
 .text._trng_trigger
                0x0000000023007040       0x2c /home/sebidev/repos/bl_iot_sdk/customer_app/my_blink/build_out/hosal/libhosal.a(bl_sec.o)
 .text.sec_trng_IRQHandler
                0x000000002300706c       0xb8 /home/sebidev/repos/bl_iot_sdk/customer_app/my_blink/build_out/hosal/libhosal.a(bl_sec.o)
                0x000000002300706c                sec_trng_IRQHandler
 .text.wait_trng4feed
                0x0000000023007124       0xc6 /home/sebidev/repos/bl_iot_sdk/customer_app/my_blink/build_out/hosal/libhosal.a(bl_sec.o)
 .text.bl_sec_init
                0x00000000230071ea       0x46 /home/sebidev/repos/bl_iot_sdk/customer_app/my_blink/build_out/hosal/libhosal.a(bl_sec.o)
                0x00000000230071ea                bl_sec_init
 .text.bl_flash_config_update
                0x0000000023007230      0x1fe /home/sebidev/repos/bl_iot_sdk/customer_app/my_blink/build_out/hosal/libhosal.a(bl_flash.o)
                0x0000000023007230                bl_flash_config_update
 .text.__uart_rx_irq
                0x000000002300742e        0xa /home/sebidev/repos/bl_iot_sdk/customer_app/my_blink/build_out/hosal/libhosal.a(hosal_uart.o)
 .text.__uart_tx_irq
                0x0000000023007438        0xa /home/sebidev/repos/bl_iot_sdk/customer_app/my_blink/build_out/hosal/libhosal.a(hosal_uart.o)
 .text.__uart_tx_dma_irq
                0x0000000023007442       0x68 /home/sebidev/repos/bl_iot_sdk/customer_app/my_blink/build_out/hosal/libhosal.a(hosal_uart.o)
 .text.__uart_rx_dma_irq
                0x00000000230074aa       0x68 /home/sebidev/repos/bl_iot_sdk/customer_app/my_blink/build_out/hosal/libhosal.a(hosal_uart.o)
 .text.__uart_config_set
                0x0000000023007512       0xd4 /home/sebidev/repos/bl_iot_sdk/customer_app/my_blink/build_out/hosal/libhosal.a(hosal_uart.o)
 .text.gpio_init.constprop.0
                0x00000000230075e6       0x74 /home/sebidev/repos/bl_iot_sdk/customer_app/my_blink/build_out/hosal/libhosal.a(hosal_uart.o)
 .text.hosal_uart_init
                0x000000002300765a      0x132 /home/sebidev/repos/bl_iot_sdk/customer_app/my_blink/build_out/hosal/libhosal.a(hosal_uart.o)
                0x000000002300765a                hosal_uart_init
 .text.hosal_uart_receive
                0x000000002300778c       0x40 /home/sebidev/repos/bl_iot_sdk/customer_app/my_blink/build_out/hosal/libhosal.a(hosal_uart.o)
                0x000000002300778c                hosal_uart_receive
 .text.hosal_uart_send
                0x00000000230077cc       0x3a /home/sebidev/repos/bl_iot_sdk/customer_app/my_blink/build_out/hosal/libhosal.a(hosal_uart.o)
                0x00000000230077cc                hosal_uart_send
 .text.hosal_uart_ioctl
                0x0000000023007806      0x2b0 /home/sebidev/repos/bl_iot_sdk/customer_app/my_blink/build_out/hosal/libhosal.a(hosal_uart.o)
                0x0000000023007806                hosal_uart_ioctl
 .text.hosal_uart_callback_set
                0x0000000023007ab6       0x32 /home/sebidev/repos/bl_iot_sdk/customer_app/my_blink/build_out/hosal/libhosal.a(hosal_uart.o)
                0x0000000023007ab6                hosal_uart_callback_set
 .text.hosal_uart_finalize
                0x0000000023007ae8       0x34 /home/sebidev/repos/bl_iot_sdk/customer_app/my_blink/build_out/hosal/libhosal.a(hosal_uart.o)
                0x0000000023007ae8                hosal_uart_finalize
 .text.__dma_irq_process
                0x0000000023007b1c       0xb6 /home/sebidev/repos/bl_iot_sdk/customer_app/my_blink/build_out/hosal/libhosal.a(hosal_dma.o)
 .text.hosal_dma_init
                0x0000000023007bd2      0x10e /home/sebidev/repos/bl_iot_sdk/customer_app/my_blink/build_out/hosal/libhosal.a(hosal_dma.o)
                0x0000000023007bd2                hosal_dma_init
 .text.hosal_dma_chan_request
                0x0000000023007ce0       0x86 /home/sebidev/repos/bl_iot_sdk/customer_app/my_blink/build_out/hosal/libhosal.a(hosal_dma.o)
                0x0000000023007ce0                hosal_dma_chan_request
 .text.hosal_dma_chan_start
                0x0000000023007d66       0x68 /home/sebidev/repos/bl_iot_sdk/customer_app/my_blink/build_out/hosal/libhosal.a(hosal_dma.o)
                0x0000000023007d66                hosal_dma_chan_start
 .text.hosal_dma_chan_stop
                0x0000000023007dce       0x72 /home/sebidev/repos/bl_iot_sdk/customer_app/my_blink/build_out/hosal/libhosal.a(hosal_dma.o)
                0x0000000023007dce                hosal_dma_chan_stop
 .text.hosal_dma_chan_release
                0x0000000023007e40       0xaa /home/sebidev/repos/bl_iot_sdk/customer_app/my_blink/build_out/hosal/libhosal.a(hosal_dma.o)
                0x0000000023007e40                hosal_dma_chan_release
 .text.hosal_dma_irq_callback_set
                0x0000000023007eea       0x94 /home/sebidev/repos/bl_iot_sdk/customer_app/my_blink/build_out/hosal/libhosal.a(hosal_dma.o)
                0x0000000023007eea                hosal_dma_irq_callback_set
 .text._dump_partition
                0x0000000023007f7e      0x148 /home/sebidev/repos/bl_iot_sdk/customer_app/my_blink/build_out/hosal/libhosal.a(hal_boot2.o)
 .text.hal_boot2_partition_bus_addr
                0x00000000230080c6      0x15a /home/sebidev/repos/bl_iot_sdk/customer_app/my_blink/build_out/hosal/libhosal.a(hal_boot2.o)
                0x00000000230080c6                hal_boot2_partition_bus_addr
 .text.hal_boot2_partition_bus_addr_active
                0x0000000023008220       0x3c /home/sebidev/repos/bl_iot_sdk/customer_app/my_blink/build_out/hosal/libhosal.a(hal_boot2.o)
                0x0000000023008220                hal_boot2_partition_bus_addr_active
 .text.hal_boot2_partition_addr
                0x000000002300825c       0xb4 /home/sebidev/repos/bl_iot_sdk/customer_app/my_blink/build_out/hosal/libhosal.a(hal_boot2.o)
                0x000000002300825c                hal_boot2_partition_addr
 .text.hal_boot2_partition_addr_active
                0x0000000023008310       0x3c /home/sebidev/repos/bl_iot_sdk/customer_app/my_blink/build_out/hosal/libhosal.a(hal_boot2.o)
                0x0000000023008310                hal_boot2_partition_addr_active
 .text.hal_boot2_init
                0x000000002300834c       0x72 /home/sebidev/repos/bl_iot_sdk/customer_app/my_blink/build_out/hosal/libhosal.a(hal_boot2.o)
                0x000000002300834c                hal_boot2_init
 .text.hal_reboot
                0x00000000230083be        0x4 /home/sebidev/repos/bl_iot_sdk/customer_app/my_blink/build_out/hosal/libhosal.a(hal_sys.o)
                0x00000000230083be                hal_reboot
 .text.hal_sys_reset
                0x00000000230083c2        0x4 /home/sebidev/repos/bl_iot_sdk/customer_app/my_blink/build_out/hosal/libhosal.a(hal_sys.o)
                0x00000000230083c2                hal_sys_reset
 .text.hal_poweroff
                0x00000000230083c6        0x2 /home/sebidev/repos/bl_iot_sdk/customer_app/my_blink/build_out/hosal/libhosal.a(hal_sys.o)
                0x00000000230083c6                hal_poweroff
 .text.hal_sys_capcode_update
                0x00000000230083c8       0x5e /home/sebidev/repos/bl_iot_sdk/customer_app/my_blink/build_out/hosal/libhosal.a(hal_sys.o)
                0x00000000230083c8                hal_sys_capcode_update
 .text.fdt32_to_cpu
                0x0000000023008426       0x22 /home/sebidev/repos/bl_iot_sdk/customer_app/my_blink/build_out/hosal/libhosal.a(hal_board.o)
 .text.update_poweroffset_config
                0x0000000023008448      0x7e0 /home/sebidev/repos/bl_iot_sdk/customer_app/my_blink/build_out/hosal/libhosal.a(hal_board.o)
 .text.hal_board_cfg
                0x0000000023008c28      0xc0a /home/sebidev/repos/bl_iot_sdk/customer_app/my_blink/build_out/hosal/libhosal.a(hal_board.o)
                0x0000000023008c28                hal_board_cfg
 .text.hal_board_get_dts_addr
                0x0000000023009832       0x78 /home/sebidev/repos/bl_iot_sdk/customer_app/my_blink/build_out/hosal/libhosal.a(hal_board.o)
                0x0000000023009832                hal_board_get_dts_addr
 .text.bl_sec_pka_init
                0x00000000230098aa       0x2e /home/sebidev/repos/bl_iot_sdk/customer_app/my_blink/build_out/hosal/libhosal.a(bl_sec_pka.o)
                0x00000000230098aa                bl_sec_pka_init
 .text.uart_generic_notify_handler
                0x00000000230098d8       0xee /home/sebidev/repos/bl_iot_sdk/customer_app/my_blink/build_out/hosal/libhosal.a(bl_uart.o)
 .text.UART0_IRQHandler
                0x00000000230099c6        0x6 /home/sebidev/repos/bl_iot_sdk/customer_app/my_blink/build_out/hosal/libhosal.a(bl_uart.o)
                0x00000000230099c6                UART0_IRQHandler
 .text.UART1_IRQHandler
                0x00000000230099cc        0x6 /home/sebidev/repos/bl_iot_sdk/customer_app/my_blink/build_out/hosal/libhosal.a(bl_uart.o)
                0x00000000230099cc                UART1_IRQHandler
 .text.bl_uart_data_send
                0x00000000230099d2       0x3a /home/sebidev/repos/bl_iot_sdk/customer_app/my_blink/build_out/hosal/libhosal.a(bl_uart.o)
                0x00000000230099d2                bl_uart_data_send
 .text.bl_uart_data_recv
                0x0000000023009a0c       0x30 /home/sebidev/repos/bl_iot_sdk/customer_app/my_blink/build_out/hosal/libhosal.a(bl_uart.o)
                0x0000000023009a0c                bl_uart_data_recv
 .text.bl_uart_int_rx_enable
                0x0000000023009a3c       0x36 /home/sebidev/repos/bl_iot_sdk/customer_app/my_blink/build_out/hosal/libhosal.a(bl_uart.o)
                0x0000000023009a3c                bl_uart_int_rx_enable
 .text.bl_uart_int_rx_disable
                0x0000000023009a72       0x2e /home/sebidev/repos/bl_iot_sdk/customer_app/my_blink/build_out/hosal/libhosal.a(bl_uart.o)
                0x0000000023009a72                bl_uart_int_rx_disable
 .text.bl_uart_int_tx_enable
                0x0000000023009aa0       0x14 /home/sebidev/repos/bl_iot_sdk/customer_app/my_blink/build_out/hosal/libhosal.a(bl_uart.o)
                0x0000000023009aa0                bl_uart_int_tx_enable
 .text.bl_uart_int_tx_disable
                0x0000000023009ab4       0x14 /home/sebidev/repos/bl_iot_sdk/customer_app/my_blink/build_out/hosal/libhosal.a(bl_uart.o)
                0x0000000023009ab4                bl_uart_int_tx_disable
 .text.bl_uart_flush
                0x0000000023009ac8       0x30 /home/sebidev/repos/bl_iot_sdk/customer_app/my_blink/build_out/hosal/libhosal.a(bl_uart.o)
                0x0000000023009ac8                bl_uart_flush
 .text.bl_uart_int_enable
                0x0000000023009af8       0x5a /home/sebidev/repos/bl_iot_sdk/customer_app/my_blink/build_out/hosal/libhosal.a(bl_uart.o)
                0x0000000023009af8                bl_uart_int_enable
 .text.bl_uart_int_disable
                0x0000000023009b52       0x5a /home/sebidev/repos/bl_iot_sdk/customer_app/my_blink/build_out/hosal/libhosal.a(bl_uart.o)
                0x0000000023009b52                bl_uart_int_disable
 .text.bl_uart_int_rx_notify_register
                0x0000000023009bac       0x20 /home/sebidev/repos/bl_iot_sdk/customer_app/my_blink/build_out/hosal/libhosal.a(bl_uart.o)
                0x0000000023009bac                bl_uart_int_rx_notify_register
 .text.bl_uart_int_tx_notify_register
                0x0000000023009bcc       0x20 /home/sebidev/repos/bl_iot_sdk/customer_app/my_blink/build_out/hosal/libhosal.a(bl_uart.o)
                0x0000000023009bcc                bl_uart_int_tx_notify_register
 .text.bl_dma_int_clear
                0x0000000023009bec       0x32 /home/sebidev/repos/bl_iot_sdk/customer_app/my_blink/build_out/hosal/libhosal.a(bl_dma.o)
                0x0000000023009bec                bl_dma_int_clear
 .text.bl_efuse_power_offset_interpolation.constprop.0
                0x0000000023009c1e       0x78 /home/sebidev/repos/bl_iot_sdk/customer_app/my_blink/build_out/hosal/libhosal.a(bl_efuse.o)
 .text.bl_efuse_read_mac
                0x0000000023009c96       0x60 /home/sebidev/repos/bl_iot_sdk/customer_app/my_blink/build_out/hosal/libhosal.a(bl_efuse.o)
                0x0000000023009c96                bl_efuse_read_mac
 .text.bl_efuse_read_mac_factory
                0x0000000023009cf6        0x4 /home/sebidev/repos/bl_iot_sdk/customer_app/my_blink/build_out/hosal/libhosal.a(bl_efuse.o)
                0x0000000023009cf6                bl_efuse_read_mac_factory
 .text.bl_efuse_read_capcode
                0x0000000023009cfa       0x60 /home/sebidev/repos/bl_iot_sdk/customer_app/my_blink/build_out/hosal/libhosal.a(bl_efuse.o)
                0x0000000023009cfa                bl_efuse_read_capcode
 .text.bl_efuse_read_pwroft
                0x0000000023009d5a       0x60 /home/sebidev/repos/bl_iot_sdk/customer_app/my_blink/build_out/hosal/libhosal.a(bl_efuse.o)
                0x0000000023009d5a                bl_efuse_read_pwroft
 .text.bl_efuse_read_pwroft_ex
                0x0000000023009dba       0x70 /home/sebidev/repos/bl_iot_sdk/customer_app/my_blink/build_out/hosal/libhosal.a(bl_efuse.o)
                0x0000000023009dba                bl_efuse_read_pwroft_ex
 .text.bl_efuse_read_tsen_refcode
                0x0000000023009e2a       0x4c /home/sebidev/repos/bl_iot_sdk/customer_app/my_blink/build_out/hosal/libhosal.a(bl_efuse.o)
                0x0000000023009e2a                bl_efuse_read_tsen_refcode
 .text.bl_wireless_mac_addr_set
                0x0000000023009e76       0x1c /home/sebidev/repos/bl_iot_sdk/customer_app/my_blink/build_out/hosal/libhosal.a(bl_wireless.o)
                0x0000000023009e76                bl_wireless_mac_addr_set
 .text.bl_wireless_power_offset_set
                0x0000000023009e92       0x34 /home/sebidev/repos/bl_iot_sdk/customer_app/my_blink/build_out/hosal/libhosal.a(bl_wireless.o)
                0x0000000023009e92                bl_wireless_power_offset_set
 .text.bl_wireless_tcal_en_set
                0x0000000023009ec6        0xa /home/sebidev/repos/bl_iot_sdk/customer_app/my_blink/build_out/hosal/libhosal.a(bl_wireless.o)
                0x0000000023009ec6                bl_wireless_tcal_en_set
 .text.blink_test
                0x0000000023009ed0       0x28 /home/sebidev/repos/bl_iot_sdk/customer_app/my_blink/build_out/myblink/libmyblink.a(main.o)
                0x0000000023009ed0                blink_test
 .text.bl_printk
                0x0000000023009ef8       0x2e /home/sebidev/repos/bl_iot_sdk/customer_app/my_blink/build_out/utils/libutils.a(utils_log.o)
                0x0000000023009ef8                bl_printk
 .text.log_buf_out
                0x0000000023009f26      0x1d4 /home/sebidev/repos/bl_iot_sdk/customer_app/my_blink/build_out/utils/libutils.a(utils_log.o)
                0x0000000023009f26                log_buf_out
 .text.utils_hexdump
                0x000000002300a0fa       0xf0 /home/sebidev/repos/bl_iot_sdk/customer_app/my_blink/build_out/utils/libutils.a(utils_hexdump.o)
                0x000000002300a0fa                utils_hexdump
 .text.vfs_init
                0x000000002300a1ea       0x42 /home/sebidev/repos/bl_iot_sdk/customer_app/my_blink/build_out/vfs/libvfs.a(vfs.o)
                0x000000002300a1ea                vfs_init
 .text.aos_open
                0x000000002300a22c       0xc8 /home/sebidev/repos/bl_iot_sdk/customer_app/my_blink/build_out/vfs/libvfs.a(vfs.o)
                0x000000002300a22c                aos_open
 .text.aos_close
                0x000000002300a2f4       0x58 /home/sebidev/repos/bl_iot_sdk/customer_app/my_blink/build_out/vfs/libvfs.a(vfs.o)
                0x000000002300a2f4                aos_close
 .text.aos_read
                0x000000002300a34c       0x2a /home/sebidev/repos/bl_iot_sdk/customer_app/my_blink/build_out/vfs/libvfs.a(vfs.o)
                0x000000002300a34c                aos_read
 .text.aos_write
                0x000000002300a376       0x2a /home/sebidev/repos/bl_iot_sdk/customer_app/my_blink/build_out/vfs/libvfs.a(vfs.o)
                0x000000002300a376                aos_write
 .text.aos_ioctl
                0x000000002300a3a0       0x42 /home/sebidev/repos/bl_iot_sdk/customer_app/my_blink/build_out/vfs/libvfs.a(vfs.o)
                0x000000002300a3a0                aos_ioctl
 .text.aos_stat
                0x000000002300a3e2       0xb2 /home/sebidev/repos/bl_iot_sdk/customer_app/my_blink/build_out/vfs/libvfs.a(vfs.o)
                0x000000002300a3e2                aos_stat
 .text.aos_opendir
                0x000000002300a494       0xb0 /home/sebidev/repos/bl_iot_sdk/customer_app/my_blink/build_out/vfs/libvfs.a(vfs.o)
                0x000000002300a494                aos_opendir
 .text.aos_closedir
                0x000000002300a544       0x70 /home/sebidev/repos/bl_iot_sdk/customer_app/my_blink/build_out/vfs/libvfs.a(vfs.o)
                0x000000002300a544                aos_closedir
 .text.aos_readdir
                0x000000002300a5b4       0x36 /home/sebidev/repos/bl_iot_sdk/customer_app/my_blink/build_out/vfs/libvfs.a(vfs.o)
                0x000000002300a5b4                aos_readdir
 .text.file_cmp_cb
                0x000000002300a5ea       0x14 /home/sebidev/repos/bl_iot_sdk/customer_app/my_blink/build_out/vfs/libvfs.a(vfs_file.o)
 .text.file_init
                0x000000002300a5fe       0x54 /home/sebidev/repos/bl_iot_sdk/customer_app/my_blink/build_out/vfs/libvfs.a(vfs_file.o)
                0x000000002300a5fe                file_init
 .text.new_file
                0x000000002300a652       0xe2 /home/sebidev/repos/bl_iot_sdk/customer_app/my_blink/build_out/vfs/libvfs.a(vfs_file.o)
                0x000000002300a652                new_file
 .text.del_file
                0x000000002300a734       0x4c /home/sebidev/repos/bl_iot_sdk/customer_app/my_blink/build_out/vfs/libvfs.a(vfs_file.o)
                0x000000002300a734                del_file
 .text.get_fd   0x000000002300a780        0x4 /home/sebidev/repos/bl_iot_sdk/customer_app/my_blink/build_out/vfs/libvfs.a(vfs_file.o)
                0x000000002300a780                get_fd
 .text.get_file
                0x000000002300a784       0x20 /home/sebidev/repos/bl_iot_sdk/customer_app/my_blink/build_out/vfs/libvfs.a(vfs_file.o)
                0x000000002300a784                get_file
 .text.inode_cmp_cb
                0x000000002300a7a4       0xcc /home/sebidev/repos/bl_iot_sdk/customer_app/my_blink/build_out/vfs/libvfs.a(vfs_inode.o)
 .text.inode_init
                0x000000002300a870       0x2e /home/sebidev/repos/bl_iot_sdk/customer_app/my_blink/build_out/vfs/libvfs.a(vfs_inode.o)
                0x000000002300a870                inode_init
 .text.inode_alloc
                0x000000002300a89e       0x4a /home/sebidev/repos/bl_iot_sdk/customer_app/my_blink/build_out/vfs/libvfs.a(vfs_inode.o)
                0x000000002300a89e                inode_alloc
 .text.inode_open
                0x000000002300a8e8       0x26 /home/sebidev/repos/bl_iot_sdk/customer_app/my_blink/build_out/vfs/libvfs.a(vfs_inode.o)
                0x000000002300a8e8                inode_open
 .text.inode_forearch_name
                0x000000002300a90e       0x78 /home/sebidev/repos/bl_iot_sdk/customer_app/my_blink/build_out/vfs/libvfs.a(vfs_inode.o)
                0x000000002300a90e                inode_forearch_name
 .text.inode_ref
                0x000000002300a986        0xc /home/sebidev/repos/bl_iot_sdk/customer_app/my_blink/build_out/vfs/libvfs.a(vfs_inode.o)
                0x000000002300a986                inode_ref
 .text.inode_unref
                0x000000002300a992        0xe /home/sebidev/repos/bl_iot_sdk/customer_app/my_blink/build_out/vfs/libvfs.a(vfs_inode.o)
                0x000000002300a992                inode_unref
 .text.inode_reserve
                0x000000002300a9a0       0xd6 /home/sebidev/repos/bl_iot_sdk/customer_app/my_blink/build_out/vfs/libvfs.a(vfs_inode.o)
                0x000000002300a9a0                inode_reserve
 .text.fdt32_to_cpu
                0x000000002300aa76       0x22 /home/sebidev/repos/bl_iot_sdk/customer_app/my_blink/build_out/vfs/libvfs.a(vfs_uart.o)
 .text.vfs_uart_open
                0x000000002300aa98       0x80 /home/sebidev/repos/bl_iot_sdk/customer_app/my_blink/build_out/vfs/libvfs.a(vfs_uart.o)
                0x000000002300aa98                vfs_uart_open
 .text.__uart_rx_irq
                0x000000002300ab18       0x50 /home/sebidev/repos/bl_iot_sdk/customer_app/my_blink/build_out/vfs/libvfs.a(vfs_uart.o)
 .text.vfs_uart_close
                0x000000002300ab68       0x4c /home/sebidev/repos/bl_iot_sdk/customer_app/my_blink/build_out/vfs/libvfs.a(vfs_uart.o)
                0x000000002300ab68                vfs_uart_close
 .text.vfs_uart_read
                0x000000002300abb4       0x78 /home/sebidev/repos/bl_iot_sdk/customer_app/my_blink/build_out/vfs/libvfs.a(vfs_uart.o)
                0x000000002300abb4                vfs_uart_read
 .text.vfs_uart_sync
                0x000000002300ac2c       0x42 /home/sebidev/repos/bl_iot_sdk/customer_app/my_blink/build_out/vfs/libvfs.a(vfs_uart.o)
                0x000000002300ac2c                vfs_uart_sync
 .text.vfs_uart_write
                0x000000002300ac6e       0x6c /home/sebidev/repos/bl_iot_sdk/customer_app/my_blink/build_out/vfs/libvfs.a(vfs_uart.o)
                0x000000002300ac6e                vfs_uart_write
 .text.vfs_uart_poll
                0x000000002300acda       0x8a /home/sebidev/repos/bl_iot_sdk/customer_app/my_blink/build_out/vfs/libvfs.a(vfs_uart.o)
                0x000000002300acda                vfs_uart_poll
 .text.__uart_tx_irq
                0x000000002300ad64       0x4e /home/sebidev/repos/bl_iot_sdk/customer_app/my_blink/build_out/vfs/libvfs.a(vfs_uart.o)
 .text.uart_ioctl_cmd_waimode
                0x000000002300adb2       0xac /home/sebidev/repos/bl_iot_sdk/customer_app/my_blink/build_out/vfs/libvfs.a(vfs_uart.o)
                0x000000002300adb2                uart_ioctl_cmd_waimode
 .text.vfs_uart_ioctl
                0x000000002300ae5e       0x98 /home/sebidev/repos/bl_iot_sdk/customer_app/my_blink/build_out/vfs/libvfs.a(vfs_uart.o)
                0x000000002300ae5e                vfs_uart_ioctl
 .text.vfs_uart_init
                0x000000002300aef6      0x29c /home/sebidev/repos/bl_iot_sdk/customer_app/my_blink/build_out/vfs/libvfs.a(vfs_uart.o)
                0x000000002300aef6                vfs_uart_init
 .text.aos_register_driver
                0x000000002300b192       0x84 /home/sebidev/repos/bl_iot_sdk/customer_app/my_blink/build_out/vfs/libvfs.a(vfs_register.o)
                0x000000002300b192                aos_register_driver
 .text.get_context
                0x000000002300b216       0x28 /home/sebidev/repos/bl_iot_sdk/customer_app/my_blink/build_out/yloop/libyloop.a(yloop.o)
 .text.aos_loop_set_eventfd
                0x000000002300b23e       0x16 /home/sebidev/repos/bl_iot_sdk/customer_app/my_blink/build_out/yloop/libyloop.a(yloop.o)
                0x000000002300b23e                aos_loop_set_eventfd
 .text.aos_loop_init
                0x000000002300b254       0x74 /home/sebidev/repos/bl_iot_sdk/customer_app/my_blink/build_out/yloop/libyloop.a(yloop.o)
                0x000000002300b254                aos_loop_init
 .text.aos_poll_read_fd
                0x000000002300b2c8       0xe6 /home/sebidev/repos/bl_iot_sdk/customer_app/my_blink/build_out/yloop/libyloop.a(yloop.o)
                0x000000002300b2c8                aos_poll_read_fd
 .text.aos_loop_run
                0x000000002300b3ae      0x11a /home/sebidev/repos/bl_iot_sdk/customer_app/my_blink/build_out/yloop/libyloop.a(yloop.o)
                0x000000002300b3ae                aos_loop_run
 .text.vfs_poll_notify
                0x000000002300b4c8        0x4 /home/sebidev/repos/bl_iot_sdk/customer_app/my_blink/build_out/yloop/libyloop.a(select.o)
 .text.aos_poll
                0x000000002300b4cc      0x136 /home/sebidev/repos/bl_iot_sdk/customer_app/my_blink/build_out/yloop/libyloop.a(select.o)
                0x000000002300b4cc                aos_poll
 .text.aos_fcntl
                0x000000002300b602       0x16 /home/sebidev/repos/bl_iot_sdk/customer_app/my_blink/build_out/yloop/libyloop.a(select.o)
                0x000000002300b602                aos_fcntl
 .text.dfl_entry
                0x000000002300b618       0x22 /home/sebidev/repos/bl_iot_sdk/customer_app/my_blink/build_out/yloop/libyloop.a(aos_freertos.o)
 .text.aos_task_new
                0x000000002300b63a       0xba /home/sebidev/repos/bl_iot_sdk/customer_app/my_blink/build_out/yloop/libyloop.a(aos_freertos.o)
                0x000000002300b63a                aos_task_new
 .text.aos_task_exit
                0x000000002300b6f4        0x6 /home/sebidev/repos/bl_iot_sdk/customer_app/my_blink/build_out/yloop/libyloop.a(aos_freertos.o)
                0x000000002300b6f4                aos_task_exit
 .text.aos_task_key_create
                0x000000002300b6fa       0x64 /home/sebidev/repos/bl_iot_sdk/customer_app/my_blink/build_out/yloop/libyloop.a(aos_freertos.o)
                0x000000002300b6fa                aos_task_key_create
 .text.aos_task_setspecific
                0x000000002300b75e       0x42 /home/sebidev/repos/bl_iot_sdk/customer_app/my_blink/build_out/yloop/libyloop.a(aos_freertos.o)
                0x000000002300b75e                aos_task_setspecific
 .text.aos_task_getspecific
                0x000000002300b7a0       0x3a /home/sebidev/repos/bl_iot_sdk/customer_app/my_blink/build_out/yloop/libyloop.a(aos_freertos.o)
                0x000000002300b7a0                aos_task_getspecific
 .text.aos_mutex_new
                0x000000002300b7da       0x20 /home/sebidev/repos/bl_iot_sdk/customer_app/my_blink/build_out/yloop/libyloop.a(aos_freertos.o)
                0x000000002300b7da                aos_mutex_new
 .text.aos_mutex_free
                0x000000002300b7fa        0x6 /home/sebidev/repos/bl_iot_sdk/customer_app/my_blink/build_out/yloop/libyloop.a(aos_freertos.o)
                0x000000002300b7fa                aos_mutex_free
 .text.aos_mutex_lock
                0x000000002300b800       0x2a /home/sebidev/repos/bl_iot_sdk/customer_app/my_blink/build_out/yloop/libyloop.a(aos_freertos.o)
                0x000000002300b800                aos_mutex_lock
 .text.aos_mutex_unlock
                0x000000002300b82a       0x1e /home/sebidev/repos/bl_iot_sdk/customer_app/my_blink/build_out/yloop/libyloop.a(aos_freertos.o)
                0x000000002300b82a                aos_mutex_unlock
 .text.aos_sem_new
                0x000000002300b848       0x1c /home/sebidev/repos/bl_iot_sdk/customer_app/my_blink/build_out/yloop/libyloop.a(aos_freertos.o)
                0x000000002300b848                aos_sem_new
 .text.aos_sem_free
                0x000000002300b864        0xa /home/sebidev/repos/bl_iot_sdk/customer_app/my_blink/build_out/yloop/libyloop.a(aos_freertos.o)
                0x000000002300b864                aos_sem_free
 .text.aos_sem_wait
                0x000000002300b86e       0x32 /home/sebidev/repos/bl_iot_sdk/customer_app/my_blink/build_out/yloop/libyloop.a(aos_freertos.o)
                0x000000002300b86e                aos_sem_wait
 .text.aos_sem_signal
                0x000000002300b8a0       0x30 /home/sebidev/repos/bl_iot_sdk/customer_app/my_blink/build_out/yloop/libyloop.a(aos_freertos.o)
                0x000000002300b8a0                aos_sem_signal
 .text.aos_malloc
                0x000000002300b8d0        0x4 /home/sebidev/repos/bl_iot_sdk/customer_app/my_blink/build_out/yloop/libyloop.a(aos_freertos.o)
                0x000000002300b8d0                aos_malloc
 .text.aos_free
                0x000000002300b8d4        0x4 /home/sebidev/repos/bl_iot_sdk/customer_app/my_blink/build_out/yloop/libyloop.a(aos_freertos.o)
                0x000000002300b8d4                aos_free
 .text.aos_now_ms
                0x000000002300b8d8       0x3a /home/sebidev/repos/bl_iot_sdk/customer_app/my_blink/build_out/yloop/libyloop.a(aos_freertos.o)
                0x000000002300b8d8                aos_now_ms
 .text.event_poll
                0x000000002300b912       0x66 /home/sebidev/repos/bl_iot_sdk/customer_app/my_blink/build_out/yloop/libyloop.a(device.o)
 .text.event_read
                0x000000002300b978       0x86 /home/sebidev/repos/bl_iot_sdk/customer_app/my_blink/build_out/yloop/libyloop.a(device.o)
 .text.event_open
                0x000000002300b9fe       0x42 /home/sebidev/repos/bl_iot_sdk/customer_app/my_blink/build_out/yloop/libyloop.a(device.o)
 .text._event_write.isra.0
                0x000000002300ba40       0xb4 /home/sebidev/repos/bl_iot_sdk/customer_app/my_blink/build_out/yloop/libyloop.a(device.o)
 .text.event_write
                0x000000002300baf4        0x8 /home/sebidev/repos/bl_iot_sdk/customer_app/my_blink/build_out/yloop/libyloop.a(device.o)
 .text.event_ioctl
                0x000000002300bafc       0x26 /home/sebidev/repos/bl_iot_sdk/customer_app/my_blink/build_out/yloop/libyloop.a(device.o)
 .text.event_close
                0x000000002300bb22       0x52 /home/sebidev/repos/bl_iot_sdk/customer_app/my_blink/build_out/yloop/libyloop.a(device.o)
 .text.vfs_device_init
                0x000000002300bb74       0x3a /home/sebidev/repos/bl_iot_sdk/customer_app/my_blink/build_out/yloop/libyloop.a(device.o)
                0x000000002300bb74                vfs_device_init
 .text.event_read_cb
                0x000000002300bbae       0x5a /home/sebidev/repos/bl_iot_sdk/customer_app/my_blink/build_out/yloop/libyloop.a(local_event.o)
 .text.aos_event_service_init
                0x000000002300bc08       0x42 /home/sebidev/repos/bl_iot_sdk/customer_app/my_blink/build_out/yloop/libyloop.a(local_event.o)
                0x000000002300bc08                aos_event_service_init
 .text.prvWriteBytesToBuffer
                0x000000002300bc4a       0xaa /home/sebidev/repos/bl_iot_sdk/customer_app/my_blink/build_out/bl702_freertos/libbl702_freertos.a(stream_buffer.o)
 .text.prvReadBytesFromBuffer
                0x000000002300bcf4       0xbc /home/sebidev/repos/bl_iot_sdk/customer_app/my_blink/build_out/bl702_freertos/libbl702_freertos.a(stream_buffer.o)
 .text.xStreamBufferGenericCreate
                0x000000002300bdb0       0x96 /home/sebidev/repos/bl_iot_sdk/customer_app/my_blink/build_out/bl702_freertos/libbl702_freertos.a(stream_buffer.o)
                0x000000002300bdb0                xStreamBufferGenericCreate
 .text.vStreamBufferDelete
                0x000000002300be46       0x38 /home/sebidev/repos/bl_iot_sdk/customer_app/my_blink/build_out/bl702_freertos/libbl702_freertos.a(stream_buffer.o)
                0x000000002300be46                vStreamBufferDelete
 .text.xStreamBufferSend
                0x000000002300be7e      0x13e /home/sebidev/repos/bl_iot_sdk/customer_app/my_blink/build_out/bl702_freertos/libbl702_freertos.a(stream_buffer.o)
                0x000000002300be7e                xStreamBufferSend
 .text.xStreamBufferSendFromISR
                0x000000002300bfbc       0xc6 /home/sebidev/repos/bl_iot_sdk/customer_app/my_blink/build_out/bl702_freertos/libbl702_freertos.a(stream_buffer.o)
                0x000000002300bfbc                xStreamBufferSendFromISR
 .text.xStreamBufferReceive
                0x000000002300c082      0x104 /home/sebidev/repos/bl_iot_sdk/customer_app/my_blink/build_out/bl702_freertos/libbl702_freertos.a(stream_buffer.o)
                0x000000002300c082                xStreamBufferReceive
 .text.xStreamBufferReceiveFromISR
                0x000000002300c186       0xb8 /home/sebidev/repos/bl_iot_sdk/customer_app/my_blink/build_out/bl702_freertos/libbl702_freertos.a(stream_buffer.o)
                0x000000002300c186                xStreamBufferReceiveFromISR
 .text.xStreamBufferIsEmpty
                0x000000002300c23e       0x34 /home/sebidev/repos/bl_iot_sdk/customer_app/my_blink/build_out/bl702_freertos/libbl702_freertos.a(stream_buffer.o)
                0x000000002300c23e                xStreamBufferIsEmpty
 .text.misaligned_load_trap
                0x000000002300c272      0x154 /home/sebidev/repos/bl_iot_sdk/customer_app/my_blink/build_out/bl702_freertos/libbl702_freertos.a(misaligned_ldst.o)
                0x000000002300c272                misaligned_load_trap
 .text.misaligned_store_trap
                0x000000002300c3c6      0x150 /home/sebidev/repos/bl_iot_sdk/customer_app/my_blink/build_out/bl702_freertos/libbl702_freertos.a(misaligned_ldst.o)
                0x000000002300c3c6                misaligned_store_trap
 .text          0x000000002300c516      0x200 /home/sebidev/repos/bl_iot_sdk/customer_app/my_blink/build_out/bl702_freertos/libbl702_freertos.a(fp_asm.o)
                0x000000002300c516                get_f32_reg
                0x000000002300c616                put_f32_reg
 .text.backtrace_riscv
                0x000000002300c716        0x4 /home/sebidev/repos/bl_iot_sdk/customer_app/my_blink/build_out/bl702_freertos/libbl702_freertos.a(panic_c.o)
                0x000000002300c716                backtrace_riscv
                0x000000002300c716                backtrace_now
 .text.bz_phy_set_tx_power
                0x000000002300c71a        0xe /home/sebidev/repos/bl_iot_sdk/components/platform/soc/bl702/bl702_rf/lib/libbl702_rf.a(bl702_phy.o)
                0x000000002300c71a                bz_phy_set_tx_power
 .text.rf702_gain_dB_to_ceof
                0x000000002300c728       0x52 /home/sebidev/repos/bl_iot_sdk/components/platform/soc/bl702/bl702_rf/lib/libbl702_rf.a(bl702_rf_private.o)
                0x000000002300c728                rf702_gain_dB_to_ceof
 .text.rf702_get_txgain_index
                0x000000002300c77a       0xf8 /home/sebidev/repos/bl_iot_sdk/components/platform/soc/bl702/bl702_rf/lib/libbl702_rf.a(bl702_rf_private.o)
                0x000000002300c77a                rf702_get_txgain_index
 .text.rf702_set_tx_power
                0x000000002300c872      0x104 /home/sebidev/repos/bl_iot_sdk/components/platform/soc/bl702/bl702_rf/lib/libbl702_rf.a(bl702_rf_private.o)
                0x000000002300c872                rf702_set_tx_power
 .text.AON_Set_DCDC18_Top_0
                0x000000002300c976       0x24 /home/sebidev/repos/bl_iot_sdk/customer_app/my_blink/build_out/bl702_std/libbl702_std.a(bl702_aon.o)
                0x000000002300c976                AON_Set_DCDC18_Top_0
 .text.AON_Set_Xtal_Cfg
                0x000000002300c99a       0x30 /home/sebidev/repos/bl_iot_sdk/customer_app/my_blink/build_out/bl702_std/libbl702_std.a(bl702_aon.o)
                0x000000002300c99a                AON_Set_Xtal_Cfg
 .text.DMA_Enable
                0x000000002300c9ca        0xe /home/sebidev/repos/bl_iot_sdk/customer_app/my_blink/build_out/bl702_std/libbl702_std.a(bl702_dma.o)
                0x000000002300c9ca                DMA_Enable
 .text.DMA_Channel_Init
                0x000000002300c9d8      0x102 /home/sebidev/repos/bl_iot_sdk/customer_app/my_blink/build_out/bl702_std/libbl702_std.a(bl702_dma.o)
                0x000000002300c9d8                DMA_Channel_Init
 .text.DMA_Channel_Update_SrcMemcfg
                0x000000002300cada       0x20 /home/sebidev/repos/bl_iot_sdk/customer_app/my_blink/build_out/bl702_std/libbl702_std.a(bl702_dma.o)
                0x000000002300cada                DMA_Channel_Update_SrcMemcfg
 .text.DMA_Channel_Update_DstMemcfg
                0x000000002300cafa       0x20 /home/sebidev/repos/bl_iot_sdk/customer_app/my_blink/build_out/bl702_std/libbl702_std.a(bl702_dma.o)
                0x000000002300cafa                DMA_Channel_Update_DstMemcfg
 .text.DMA_Channel_Enable
                0x000000002300cb1a       0x16 /home/sebidev/repos/bl_iot_sdk/customer_app/my_blink/build_out/bl702_std/libbl702_std.a(bl702_dma.o)
                0x000000002300cb1a                DMA_Channel_Enable
 .text.DMA_Channel_Disable
                0x000000002300cb30       0x14 /home/sebidev/repos/bl_iot_sdk/customer_app/my_blink/build_out/bl702_std/libbl702_std.a(bl702_dma.o)
                0x000000002300cb30                DMA_Channel_Disable
 .text.DMA_IntMask
                0x000000002300cb44       0x7a /home/sebidev/repos/bl_iot_sdk/customer_app/my_blink/build_out/bl702_std/libbl702_std.a(bl702_dma.o)
                0x000000002300cb44                DMA_IntMask
 .text.EF_Ctrl_Get_Byte_Zero_Cnt
                0x000000002300cbbe       0x1a /home/sebidev/repos/bl_iot_sdk/customer_app/my_blink/build_out/bl702_std/libbl702_std.a(bl702_ef_ctrl.o)
 .text.EF_Ctrl_Read_Sw_Usage
                0x000000002300cbd8       0x30 /home/sebidev/repos/bl_iot_sdk/customer_app/my_blink/build_out/bl702_std/libbl702_std.a(bl702_ef_ctrl.o)
                0x000000002300cbd8                EF_Ctrl_Read_Sw_Usage
 .text.EF_Ctrl_Is_MAC_Address_Slot_Empty
                0x000000002300cc08       0x7c /home/sebidev/repos/bl_iot_sdk/customer_app/my_blink/build_out/bl702_std/libbl702_std.a(bl702_ef_ctrl.o)
                0x000000002300cc08                EF_Ctrl_Is_MAC_Address_Slot_Empty
 .text.EF_Ctrl_Read_MAC_Address_Opt
                0x000000002300cc84       0xf6 /home/sebidev/repos/bl_iot_sdk/customer_app/my_blink/build_out/bl702_std/libbl702_std.a(bl702_ef_ctrl.o)
                0x000000002300cc84                EF_Ctrl_Read_MAC_Address_Opt
 .text.EF_Ctrl_Is_CapCode_Empty
                0x000000002300cd7a       0x5a /home/sebidev/repos/bl_iot_sdk/customer_app/my_blink/build_out/bl702_std/libbl702_std.a(bl702_ef_ctrl.o)
                0x000000002300cd7a                EF_Ctrl_Is_CapCode_Empty
 .text.EF_Ctrl_Read_CapCode_Opt
                0x000000002300cdd4       0x6e /home/sebidev/repos/bl_iot_sdk/customer_app/my_blink/build_out/bl702_std/libbl702_std.a(bl702_ef_ctrl.o)
                0x000000002300cdd4                EF_Ctrl_Read_CapCode_Opt
 .text.EF_Ctrl_Is_PowerOffset_Slot_Empty
                0x000000002300ce42       0x5c /home/sebidev/repos/bl_iot_sdk/customer_app/my_blink/build_out/bl702_std/libbl702_std.a(bl702_ef_ctrl.o)
                0x000000002300ce42                EF_Ctrl_Is_PowerOffset_Slot_Empty
 .text.EF_Ctrl_Read_PowerOffset_Opt
                0x000000002300ce9e       0x94 /home/sebidev/repos/bl_iot_sdk/customer_app/my_blink/build_out/bl702_std/libbl702_std.a(bl702_ef_ctrl.o)
                0x000000002300ce9e                EF_Ctrl_Read_PowerOffset_Opt
 .text.PDS_Clear_Reset_Event
                0x000000002300cf32       0x20 /home/sebidev/repos/bl_iot_sdk/customer_app/my_blink/build_out/bl702_std/libbl702_std.a(bl702_pds.o)
                0x000000002300cf32                PDS_Clear_Reset_Event
 .text.PDS_Set_Clkpll_Top_Ctrl
                0x000000002300cf52       0x1c /home/sebidev/repos/bl_iot_sdk/customer_app/my_blink/build_out/bl702_std/libbl702_std.a(bl702_pds.o)
                0x000000002300cf52                PDS_Set_Clkpll_Top_Ctrl
 .text.WDT_GetResetStatus
                0x000000002300cf6e       0x30 /home/sebidev/repos/bl_iot_sdk/customer_app/my_blink/build_out/bl702_std/libbl702_std.a(bl702_timer.o)
                0x000000002300cf6e                WDT_GetResetStatus
 .text.WDT_ClearResetStatus
                0x000000002300cf9e       0x32 /home/sebidev/repos/bl_iot_sdk/customer_app/my_blink/build_out/bl702_std/libbl702_std.a(bl702_timer.o)
                0x000000002300cf9e                WDT_ClearResetStatus
 .text.fdt32_ld
                0x000000002300cfd0       0x1e /home/sebidev/repos/bl_iot_sdk/customer_app/my_blink/build_out/blfdt/libblfdt.a(fdt_ro.o)
 .text.nextprop_
                0x000000002300cfee       0x4a /home/sebidev/repos/bl_iot_sdk/customer_app/my_blink/build_out/blfdt/libblfdt.a(fdt_ro.o)
 .text.fdt_get_property_by_offset_
                0x000000002300d038       0x44 /home/sebidev/repos/bl_iot_sdk/customer_app/my_blink/build_out/blfdt/libblfdt.a(fdt_ro.o)
 .text.fdt_get_string
                0x000000002300d07c       0xd0 /home/sebidev/repos/bl_iot_sdk/customer_app/my_blink/build_out/blfdt/libblfdt.a(fdt_ro.o)
                0x000000002300d07c                fdt_get_string
 .text.fdt_get_name
                0x000000002300d14c       0x76 /home/sebidev/repos/bl_iot_sdk/customer_app/my_blink/build_out/blfdt/libblfdt.a(fdt_ro.o)
                0x000000002300d14c                fdt_get_name
 .text.fdt_subnode_offset_namelen
                0x000000002300d1c2       0x9a /home/sebidev/repos/bl_iot_sdk/customer_app/my_blink/build_out/blfdt/libblfdt.a(fdt_ro.o)
                0x000000002300d1c2                fdt_subnode_offset_namelen
 .text.fdt_subnode_offset
                0x000000002300d25c       0x24 /home/sebidev/repos/bl_iot_sdk/customer_app/my_blink/build_out/blfdt/libblfdt.a(fdt_ro.o)
                0x000000002300d25c                fdt_subnode_offset
 .text.fdt_first_property_offset
                0x000000002300d280       0x24 /home/sebidev/repos/bl_iot_sdk/customer_app/my_blink/build_out/blfdt/libblfdt.a(fdt_ro.o)
                0x000000002300d280                fdt_first_property_offset
 .text.fdt_next_property_offset
                0x000000002300d2a4       0x24 /home/sebidev/repos/bl_iot_sdk/customer_app/my_blink/build_out/blfdt/libblfdt.a(fdt_ro.o)
                0x000000002300d2a4                fdt_next_property_offset
 .text.fdt_get_property_namelen_
                0x000000002300d2c8       0x8e /home/sebidev/repos/bl_iot_sdk/customer_app/my_blink/build_out/blfdt/libblfdt.a(fdt_ro.o)
 .text.fdt_getprop_namelen
                0x000000002300d356       0x4a /home/sebidev/repos/bl_iot_sdk/customer_app/my_blink/build_out/blfdt/libblfdt.a(fdt_ro.o)
                0x000000002300d356                fdt_getprop_namelen
 .text.fdt_getprop
                0x000000002300d3a0       0x28 /home/sebidev/repos/bl_iot_sdk/customer_app/my_blink/build_out/blfdt/libblfdt.a(fdt_ro.o)
                0x000000002300d3a0                fdt_getprop
 .text.fdt_stringlist_count
                0x000000002300d3c8       0x4a /home/sebidev/repos/bl_iot_sdk/customer_app/my_blink/build_out/blfdt/libblfdt.a(fdt_ro.o)
                0x000000002300d3c8                fdt_stringlist_count
 .text.fdt_stringlist_get
                0x000000002300d412       0x70 /home/sebidev/repos/bl_iot_sdk/customer_app/my_blink/build_out/blfdt/libblfdt.a(fdt_ro.o)
                0x000000002300d412                fdt_stringlist_get
 .text.fdt32_ld
                0x000000002300d482       0x1e /home/sebidev/repos/bl_iot_sdk/customer_app/my_blink/build_out/blfdt/libblfdt.a(fdt.o)
 .text.fdt_ro_probe_
                0x000000002300d4a0       0x62 /home/sebidev/repos/bl_iot_sdk/customer_app/my_blink/build_out/blfdt/libblfdt.a(fdt.o)
                0x000000002300d4a0                fdt_ro_probe_
 .text.fdt_offset_ptr
                0x000000002300d502       0x76 /home/sebidev/repos/bl_iot_sdk/customer_app/my_blink/build_out/blfdt/libblfdt.a(fdt.o)
                0x000000002300d502                fdt_offset_ptr
 .text.fdt_next_tag
                0x000000002300d578      0x10a /home/sebidev/repos/bl_iot_sdk/customer_app/my_blink/build_out/blfdt/libblfdt.a(fdt.o)
                0x000000002300d578                fdt_next_tag
 .text.fdt_check_node_offset_
                0x000000002300d682       0x28 /home/sebidev/repos/bl_iot_sdk/customer_app/my_blink/build_out/blfdt/libblfdt.a(fdt.o)
                0x000000002300d682                fdt_check_node_offset_
 .text.fdt_check_prop_offset_
                0x000000002300d6aa       0x28 /home/sebidev/repos/bl_iot_sdk/customer_app/my_blink/build_out/blfdt/libblfdt.a(fdt.o)
                0x000000002300d6aa                fdt_check_prop_offset_
 .text.fdt_next_node
                0x000000002300d6d2       0x84 /home/sebidev/repos/bl_iot_sdk/customer_app/my_blink/build_out/blfdt/libblfdt.a(fdt.o)
                0x000000002300d6d2                fdt_next_node
 .text.bl_gpio_enable_output
                0x000000002300d756       0x44 /home/sebidev/repos/bl_iot_sdk/customer_app/my_blink/build_out/hosal/libhosal.a(bl_gpio.o)
                0x000000002300d756                bl_gpio_enable_output
 .text.bl_gpio_output_set
                0x000000002300d79a       0x14 /home/sebidev/repos/bl_iot_sdk/customer_app/my_blink/build_out/hosal/libhosal.a(bl_gpio.o)
                0x000000002300d79a                bl_gpio_output_set
 .text.__errno  0x000000002300d7ae        0x6 /home/sebidev/repos/bl_iot_sdk/customer_app/my_blink/build_out/newlibc/libnewlibc.a(syscalls.o)
                0x000000002300d7ae                __errno
 .text._open_r  0x000000002300d7b4        0x8 /home/sebidev/repos/bl_iot_sdk/customer_app/my_blink/build_out/newlibc/libnewlibc.a(syscalls.o)
                0x000000002300d7b4                _open_r
 .text._close_r
                0x000000002300d7bc        0x6 /home/sebidev/repos/bl_iot_sdk/customer_app/my_blink/build_out/newlibc/libnewlibc.a(syscalls.o)
                0x000000002300d7bc                _close_r
 .text._read_r  0x000000002300d7c2        0xa /home/sebidev/repos/bl_iot_sdk/customer_app/my_blink/build_out/newlibc/libnewlibc.a(syscalls.o)
                0x000000002300d7c2                _read_r
 .text._calloc_r
                0x000000002300d7cc       0x24 /home/sebidev/repos/bl_iot_sdk/customer_app/my_blink/build_out/newlibc/libnewlibc.a(syscalls.o)
                0x000000002300d7cc                _calloc_r
 .text.rb_node_rotate
                0x000000002300d7f0       0x22 /home/sebidev/repos/bl_iot_sdk/customer_app/my_blink/build_out/utils/libutils.a(utils_rbtree.o)
 .text.rb_node_rotate2
                0x000000002300d812       0x3a /home/sebidev/repos/bl_iot_sdk/customer_app/my_blink/build_out/utils/libutils.a(utils_rbtree.o)
 .text.rb_tree_node_cmp_ptr_cb
                0x000000002300d84c       0x10 /home/sebidev/repos/bl_iot_sdk/customer_app/my_blink/build_out/utils/libutils.a(utils_rbtree.o)
                0x000000002300d84c                rb_tree_node_cmp_ptr_cb
 .text.rb_iter_move
                0x000000002300d85c       0x78 /home/sebidev/repos/bl_iot_sdk/customer_app/my_blink/build_out/utils/libutils.a(utils_rbtree.o)
 .text.rb_node_alloc
                0x000000002300d8d4        0x6 /home/sebidev/repos/bl_iot_sdk/customer_app/my_blink/build_out/utils/libutils.a(utils_rbtree.o)
                0x000000002300d8d4                rb_node_alloc
 .text.rb_node_create
                0x000000002300d8da       0x24 /home/sebidev/repos/bl_iot_sdk/customer_app/my_blink/build_out/utils/libutils.a(utils_rbtree.o)
                0x000000002300d8da                rb_node_create
 .text.rb_node_dealloc
                0x000000002300d8fe        0x8 /home/sebidev/repos/bl_iot_sdk/customer_app/my_blink/build_out/utils/libutils.a(utils_rbtree.o)
                0x000000002300d8fe                rb_node_dealloc
 .text.rb_tree_node_dealloc_cb
                0x000000002300d906        0xc /home/sebidev/repos/bl_iot_sdk/customer_app/my_blink/build_out/utils/libutils.a(utils_rbtree.o)
                0x000000002300d906                rb_tree_node_dealloc_cb
 .text.rb_tree_init
                0x000000002300d912       0x18 /home/sebidev/repos/bl_iot_sdk/customer_app/my_blink/build_out/utils/libutils.a(utils_rbtree.o)
                0x000000002300d912                rb_tree_init
 .text.rb_tree_create
                0x000000002300d92a       0x14 /home/sebidev/repos/bl_iot_sdk/customer_app/my_blink/build_out/utils/libutils.a(utils_rbtree.o)
                0x000000002300d92a                rb_tree_create
 .text.rb_tree_find
                0x000000002300d93e       0x40 /home/sebidev/repos/bl_iot_sdk/customer_app/my_blink/build_out/utils/libutils.a(utils_rbtree.o)
                0x000000002300d93e                rb_tree_find
 .text.rb_tree_insert_node
                0x000000002300d97e      0x106 /home/sebidev/repos/bl_iot_sdk/customer_app/my_blink/build_out/utils/libutils.a(utils_rbtree.o)
                0x000000002300d97e                rb_tree_insert_node
 .text.rb_tree_insert
                0x000000002300da84       0x2a /home/sebidev/repos/bl_iot_sdk/customer_app/my_blink/build_out/utils/libutils.a(utils_rbtree.o)
                0x000000002300da84                rb_tree_insert
 .text.rb_tree_remove_with_cb
                0x000000002300daae      0x1aa /home/sebidev/repos/bl_iot_sdk/customer_app/my_blink/build_out/utils/libutils.a(utils_rbtree.o)
                0x000000002300daae                rb_tree_remove_with_cb
 .text.rb_tree_remove
                0x000000002300dc58       0x10 /home/sebidev/repos/bl_iot_sdk/customer_app/my_blink/build_out/utils/libutils.a(utils_rbtree.o)
                0x000000002300dc58                rb_tree_remove
 .text.rb_tree_size
                0x000000002300dc68        0xa /home/sebidev/repos/bl_iot_sdk/customer_app/my_blink/build_out/utils/libutils.a(utils_rbtree.o)
                0x000000002300dc68                rb_tree_size
 .text.rb_iter_alloc
                0x000000002300dc72        0x8 /home/sebidev/repos/bl_iot_sdk/customer_app/my_blink/build_out/utils/libutils.a(utils_rbtree.o)
                0x000000002300dc72                rb_iter_alloc
 .text.rb_iter_init
                0x000000002300dc7a       0x10 /home/sebidev/repos/bl_iot_sdk/customer_app/my_blink/build_out/utils/libutils.a(utils_rbtree.o)
                0x000000002300dc7a                rb_iter_init
 .text.rb_iter_create
                0x000000002300dc8a       0x10 /home/sebidev/repos/bl_iot_sdk/customer_app/my_blink/build_out/utils/libutils.a(utils_rbtree.o)
                0x000000002300dc8a                rb_iter_create
 .text.rb_iter_dealloc
                0x000000002300dc9a        0x4 /home/sebidev/repos/bl_iot_sdk/customer_app/my_blink/build_out/utils/libutils.a(utils_rbtree.o)
                0x000000002300dc9a                rb_iter_dealloc
 .text.rb_iter_first
                0x000000002300dc9e       0x38 /home/sebidev/repos/bl_iot_sdk/customer_app/my_blink/build_out/utils/libutils.a(utils_rbtree.o)
                0x000000002300dc9e                rb_iter_first
 .text.rb_iter_next